Archive member included to satisfy reference by file (symbol)

C:/devkitPro/libnx/lib\libnx.a(console.o)
                              main.o (consoleInit)
C:/devkitPro/libnx/lib\libnx.a(applet.o)
                              main.o (appletMainLoop)
C:/devkitPro/libnx/lib\libnx.a(hid.o)
                              main.o (hidKeysDown)
C:/devkitPro/libnx/lib\libnx.a(sm.o)
                              C:/devkitPro/libnx/lib\libnx.a(applet.o) (smGetService)
C:/devkitPro/libnx/lib\libnx.a(apm.o)
                              C:/devkitPro/libnx/lib\libnx.a(applet.o) (apmExit)
C:/devkitPro/libnx/lib\libnx.a(fatal.o)
                              C:/devkitPro/libnx/lib\libnx.a(applet.o) (fatalSimple)
C:/devkitPro/libnx/lib\libnx.a(gfx.o)
                              C:/devkitPro/libnx/lib\libnx.a(console.o) (g_gfx_framebuf_display_height)
C:/devkitPro/libnx/lib\libnx.a(nvgfx.o)
                              C:/devkitPro/libnx/lib\libnx.a(gfx.o) (nvgfxInitialize)
C:/devkitPro/libnx/lib\libnx.a(channel.o)
                              C:/devkitPro/libnx/lib\libnx.a(nvgfx.o) (nvioctlChannel_SetNvmapFd)
C:/devkitPro/libnx/lib\libnx.a(nvhost-ctrl.o)
                              C:/devkitPro/libnx/lib\libnx.a(nvgfx.o) (nvioctlNvhostCtrl_EventWait)
C:/devkitPro/libnx/lib\libnx.a(nvhost-ctrl-gpu.o)
                              C:/devkitPro/libnx/lib\libnx.a(nvgfx.o) (nvioctlNvhostCtrlGpu_ZCullGetCtxSize)
C:/devkitPro/libnx/lib\libnx.a(nvhost-as-gpu.o)
                              C:/devkitPro/libnx/lib\libnx.a(nvgfx.o) (nvioctlNvhostAsGpu_BindChannel)
C:/devkitPro/libnx/lib\libnx.a(nvmap.o)
                              C:/devkitPro/libnx/lib\libnx.a(nvgfx.o) (nvioctlNvmap_Create)
C:/devkitPro/libnx/lib\libnx.a(cache.o)
                              C:/devkitPro/libnx/lib\libnx.a(gfx.o) (armDCacheFlush)
C:/devkitPro/libnx/lib\libnx.a(switch_crt0.o)
                              (_start)
C:/devkitPro/libnx/lib\libnx.a(svc.o)
                              C:/devkitPro/libnx/lib\libnx.a(applet.o) (svcSleepThread)
C:/devkitPro/libnx/lib\libnx.a(default_font.bin.o)
                              C:/devkitPro/libnx/lib\libnx.a(console.o) (default_font_bin)
C:/devkitPro/libnx/lib\libnx.a(dynamic.o)
                              C:/devkitPro/libnx/lib\libnx.a(switch_crt0.o) (__nx_dynamic)
C:/devkitPro/libnx/lib\libnx.a(init.o)
                              C:/devkitPro/libnx/lib\libnx.a(switch_crt0.o) (__libnx_init)
C:/devkitPro/libnx/lib\libnx.a(env.o)
                              C:/devkitPro/libnx/lib\libnx.a(init.o) (envSetup)
C:/devkitPro/libnx/lib\libnx.a(newlib.o)
                              C:/devkitPro/libnx/lib\libnx.a(init.o) (newlibSetup)
C:/devkitPro/libnx/lib\libnx.a(argv.o)
                              C:/devkitPro/libnx/lib\libnx.a(init.o) (argvSetup)
C:/devkitPro/libnx/lib\libnx.a(detect.o)
                              C:/devkitPro/libnx/lib\libnx.a(applet.o) (kernelAbove200)
C:/devkitPro/libnx/lib\libnx.a(shmem.o)
                              C:/devkitPro/libnx/lib\libnx.a(hid.o) (shmemLoadRemote)
C:/devkitPro/libnx/lib\libnx.a(rwlock.o)
                              C:/devkitPro/libnx/lib\libnx.a(hid.o) (rwlockReadLock)
C:/devkitPro/libnx/lib\libnx.a(mutex.o)
                              C:/devkitPro/libnx/lib\libnx.a(newlib.o) (mutexLock)
C:/devkitPro/libnx/lib\libnx.a(virtmem.o)
                              C:/devkitPro/libnx/lib\libnx.a(init.o) (virtmemSetup)
C:/devkitPro/libnx/lib\libnx.a(fs_dev.o)
                              C:/devkitPro/libnx/lib\libnx.a(init.o) (fsdevMountSdmc)
C:/devkitPro/libnx/lib\libnx.a(time.o)
                              C:/devkitPro/libnx/lib\libnx.a(init.o) (timeExit)
C:/devkitPro/libnx/lib\libnx.a(vi.o)
                              C:/devkitPro/libnx/lib\libnx.a(gfx.o) (viExit)
C:/devkitPro/libnx/lib\libnx.a(nv.o)
                              C:/devkitPro/libnx/lib\libnx.a(gfx.o) (nvExit)
C:/devkitPro/libnx/lib\libnx.a(fs.o)
                              C:/devkitPro/libnx/lib\libnx.a(init.o) (fsInitialize)
C:/devkitPro/libnx/lib\libnx.a(buffer_producer.o)
                              C:/devkitPro/libnx/lib\libnx.a(gfx.o) (bufferProducerInitialize)
C:/devkitPro/libnx/lib\libnx.a(binder.o)
                              C:/devkitPro/libnx/lib\libnx.a(gfx.o) (binderCreateSession)
C:/devkitPro/libnx/lib\libnx.a(parcel.o)
                              C:/devkitPro/libnx/lib\libnx.a(buffer_producer.o) (parcelInitialize)
C:/devkitPro/libnx/lib\libnx.a(decode_utf8.o)
                              C:/devkitPro/libnx/lib\libnx.a(fs_dev.o) (decode_utf8)
C:/devkitPro/libnx/lib\libnx.a(readtp.o)
                              C:/devkitPro/libnx/lib\libnx.a(fs_dev.o) (__aarch64_read_tp)
C:/devkitPro/libnx/lib\libnx.a(nxlink.o)
                              C:/devkitPro/libnx/lib\libnx.a(argv.o) (nxlinkSetup)
C:/devkitPro/libnx/lib\libnx.a(tmem.o)
[...]
Memory Configuration

Name             Origin             Length             Attributes
*default*        0x0000000000000000 0xffffffffffffffff

Linker script and memory map

                0x0000000000000000                PROVIDE (__start__ = 0x0)
                0x0000000000000000                . = __start__

.crt0           0x0000000000000000      0x118
 *(.crt0)
 .crt0          0x0000000000000000      0x114 C:/devkitPro/libnx/lib\libnx.a(switch_crt0.o)
                0x0000000000000000                _start
                0x0000000000000104                __nx_exit
                0x0000000000000118                . = ALIGN (0x8)
 *fill*         0x0000000000000114        0x4 

.init           0x0000000000000118       0x38
 *(.init)
 .init          0x0000000000000118       0x18 c:/devkitpro/devkita64/bin/../lib/gcc/aarch64-none-elf/8.1.0/pic/crti.o
                0x0000000000000118                _init
 .init          0x0000000000000130       0x1c c:/devkitpro/devkita64/bin/../lib/gcc/aarch64-none-elf/8.1.0/pic/crtn.o
                0x0000000000000150                . = ALIGN (0x8)
 *fill*         0x000000000000014c        0x4 

.plt            0x0000000000000150        0x0
 *(.plt)
 .plt           0x0000000000000150        0x0 c:/devkitpro/devkita64/bin/../lib/gcc/aarch64-none-elf/8.1.0/pic/crti.o
 *(.iplt)
                0x0000000000000150                . = ALIGN (0x8)

.text           0x0000000000000180    0x23328
 *(.text.unlikely .text.*_unlikely .text.unlikely.*)
 *(.text.exit .text.exit.*)
 *(.text.startup .text.startup.*)
 .text.startup.main
                0x0000000000000180       0x5c main.o
                0x0000000000000180                main
 *(.text.hot .text.hot.*)
 *(.text .stub .text.* .gnu.linkonce.t.*)
 *fill*         0x00000000000001dc        0x4 
 .text.deregister_tm_clones
                0x00000000000001e0       0x2c c:/devkitpro/devkita64/bin/../lib/gcc/aarch64-none-elf/8.1.0/pic/crtbegin.o
 *fill*         0x000000000000020c        0x4 
 .text.register_tm_clones
                0x0000000000000210       0x38 c:/devkitpro/devkita64/bin/../lib/gcc/aarch64-none-elf/8.1.0/pic/crtbegin.o
 .text.__do_global_dtors_aux
                0x0000000000000248       0x48 c:/devkitpro/devkita64/bin/../lib/gcc/aarch64-none-elf/8.1.0/pic/crtbegin.o
 .text.frame_dummy
                0x0000000000000290       0x34 c:/devkitpro/devkita64/bin/../lib/gcc/aarch64-none-elf/8.1.0/pic/crtbegin.o
 *fill*         0x00000000000002c4        0xc 
 .text.consoleDrawChar
                0x00000000000002d0      0x294 C:/devkitPro/libnx/lib\libnx.a(console.o)
                0x00000000000002d0                consoleDrawChar
 *fill*         0x0000000000000564        0xc 
 .text.consolePrintChar
                0x0000000000000570      0x164 C:/devkitPro/libnx/lib\libnx.a(console.o)
                0x0000000000000570                consolePrintChar
 *fill*         0x00000000000006d4        0xc 
 .text.consoleClearLine
                0x00000000000006e0      0x170 C:/devkitPro/libnx/lib\libnx.a(console.o)
 .text.newRow   0x0000000000000850      0x1c4 C:/devkitPro/libnx/lib\libnx.a(console.o)
 *fill*         0x0000000000000a14        0xc 
 .text.consoleCls
                0x0000000000000a20      0x18c C:/devkitPro/libnx/lib\libnx.a(console.o)
 *fill*         0x0000000000000bac        0x4 
 .text.consoleInit
                0x0000000000000bb0       0xf8 C:/devkitPro/libnx/lib\libnx.a(console.o)
                0x0000000000000bb0                consoleInit
 *fill*         0x0000000000000ca8        0x8 
 .text.con_write
                0x0000000000000cb0      0x854 C:/devkitPro/libnx/lib\libnx.a(console.o)
 *fill*         0x0000000000001504        0xc 
 .text.ipcCloseObjectById
                0x0000000000001510       0x34 C:/devkitPro/libnx/lib\libnx.a(applet.o)
 *fill*         0x0000000000001544        0xc 
 .text._appletGetHandle
                0x0000000000001550      0x124 C:/devkitPro/libnx/lib\libnx.a(applet.o)
 *fill*         0x0000000000001674        0xc 
 .text._appletGetOperationMode.constprop.13
                0x0000000000001680       0xe0 C:/devkitPro/libnx/lib\libnx.a(applet.o)
 .text._appletGetCurrentFocusState.constprop.15
                0x0000000000001760       0xe0 C:/devkitPro/libnx/lib\libnx.a(applet.o)
 .text._appletReceiveMessage
                0x0000000000001840       0xec C:/devkitPro/libnx/lib\libnx.a(applet.o)
 *fill*         0x000000000000192c        0x4 
 .text._appletGetPerformanceMode.constprop.14
                0x0000000000001930       0xe0 C:/devkitPro/libnx/lib\libnx.a(applet.o)
 .text._appletAcquireForegroundRights
                0x0000000000001a10       0xcc C:/devkitPro/libnx/lib\libnx.a(applet.o)
 *fill*         0x0000000000001adc        0x4 
 .text._appletSetOperationModeChangedNotification.constprop.16
                0x0000000000001ae0       0xd4 C:/devkitPro/libnx/lib\libnx.a(applet.o)
 *fill*         0x0000000000001bb4        0xc 
 .text._appletSetPerformanceModeChangedNotification.constprop.17
                0x0000000000001bc0       0xd4 C:/devkitPro/libnx/lib\libnx.a(applet.o)
 *fill*         0x0000000000001c94        0xc 
 .text._appletSetOutOfFocusSuspendingEnabled
                0x0000000000001ca0       0xd0 C:/devkitPro/libnx/lib\libnx.a(applet.o)
 .text._appletSetFocusHandlingMode
                0x0000000000001d70       0xd8 C:/devkitPro/libnx/lib\libnx.a(applet.o)
 *fill*         0x0000000000001e48        0x8 
 .text._appletGetAppletResourceUserId.constprop.11
                0x0000000000001e50       0xe0 C:/devkitPro/libnx/lib\libnx.a(applet.o)
 .text._appletGetSessionProxy.constprop.10
                0x0000000000001f30      0x13c C:/devkitPro/libnx/lib\libnx.a(applet.o)
 *fill*         0x000000000000206c        0x4 
 .text.appletExit
                0x0000000000002070      0x48c C:/devkitPro/libnx/lib\libnx.a(applet.o)
                0x0000000000002070                appletExit
 *fill*         0x00000000000024fc        0x4 
 .text.appletHook
                0x0000000000002500       0x28 C:/devkitPro/libnx/lib\libnx.a(applet.o)
                0x0000000000002500                appletHook
 *fill*         0x0000000000002528        0x8 
 .text.appletUnhook
                0x0000000000002530       0x34 C:/devkitPro/libnx/lib\libnx.a(applet.o)
                0x0000000000002530                appletUnhook
 *fill*         0x0000000000002564        0xc 
 .text.appletGetAppletResourceUserId
                0x0000000000002570       0x28 C:/devkitPro/libnx/lib\libnx.a(applet.o)
                0x0000000000002570                appletGetAppletResourceUserId
 *fill*         0x0000000000002598        0x8 
 .text.appletNotifyRunning
                0x00000000000025a0      0x120 C:/devkitPro/libnx/lib\libnx.a(applet.o)
                0x00000000000025a0                appletNotifyRunning
 .text.appletInitialize
                0x00000000000026c0      0x4dc C:/devkitPro/libnx/lib\libnx.a(applet.o)
                0x00000000000026c0                appletInitialize
 *fill*         0x0000000000002b9c        0x4 
 .text.appletCreateManagedDisplayLayer
                0x0000000000002ba0       0xec C:/devkitPro/libnx/lib\libnx.a(applet.o)
                0x0000000000002ba0                appletCreateManagedDisplayLayer
 *fill*         0x0000000000002c8c        0x4 
 .text.appletGetOperationMode
                0x0000000000002c90        0xc C:/devkitPro/libnx/lib\libnx.a(applet.o)
                0x0000000000002c90                appletGetOperationMode
 *fill*         0x0000000000002c9c        0x4 
 .text.appletMainLoop
                0x0000000000002ca0      0x144 C:/devkitPro/libnx/lib\libnx.a(applet.o)
                0x0000000000002ca0                appletMainLoop
 *fill*         0x0000000000002de4        0xc 
 .text.ipcCloseObjectById
                0x0000000000002df0       0x34 C:/devkitPro/libnx/lib\libnx.a(hid.o)
 *fill*         0x0000000000002e24        0xc 
 .text._hidGetSharedMemoryHandle.constprop.8
                0x0000000000002e30      0x124 C:/devkitPro/libnx/lib\libnx.a(hid.o)
 *fill*         0x0000000000002f54        0xc 
 .text._hidCreateAppletResource.constprop.7
                0x0000000000002f60      0x134 C:/devkitPro/libnx/lib\libnx.a(hid.o)
 *fill*         0x0000000000003094        0xc 
 .text.hidReset
                0x00000000000030a0      0x1b0 C:/devkitPro/libnx/lib\libnx.a(hid.o)
                0x00000000000030a0                hidReset
 .text.hidGetSharedmemAddr
                0x0000000000003250        0xc C:/devkitPro/libnx/lib\libnx.a(hid.o)
                0x0000000000003250                hidGetSharedmemAddr
 *fill*         0x000000000000325c        0x4 
 .text.hidKeysDown
                0x0000000000003260       0x6c C:/devkitPro/libnx/lib\libnx.a(hid.o)
                0x0000000000003260                hidKeysDown
 *fill*         0x00000000000032cc        0x4 
 .text.hidTouchCount
                0x00000000000032d0        0xc C:/devkitPro/libnx/lib\libnx.a(hid.o)
                0x00000000000032d0                hidTouchCount
 *fill*         0x00000000000032dc        0x4 
 .text.hidScanInput
                0x00000000000032e0      0x49c C:/devkitPro/libnx/lib\libnx.a(hid.o)
                0x00000000000032e0                hidScanInput
 *fill*         0x000000000000377c        0x4 
 .text.hidSetNpadJoyAssignmentModeDual
                0x0000000000003780      0x108 C:/devkitPro/libnx/lib\libnx.a(hid.o)
                0x0000000000003780                hidSetNpadJoyAssignmentModeDual
 *fill*         0x0000000000003888        0x8 
 .text.hidExit  0x0000000000003890      0x120 C:/devkitPro/libnx/lib\libnx.a(hid.o)
                0x0000000000003890                hidExit
 .text.hidInitialize
                0x00000000000039b0       0xec C:/devkitPro/libnx/lib\libnx.a(hid.o)
                0x00000000000039b0                hidInitialize
 *fill*         0x0000000000003a9c        0x4 
 .text.smAddOverrideHandle
                0x0000000000003aa0       0x44 C:/devkitPro/libnx/lib\libnx.a(sm.o)
                0x0000000000003aa0                smAddOverrideHandle
 *fill*         0x0000000000003ae4        0xc 
 .text.smGetServiceOverride
                0x0000000000003af0       0x60 C:/devkitPro/libnx/lib\libnx.a(sm.o)
                0x0000000000003af0                smGetServiceOverride
 .text.smHasInitialized
                0x0000000000003b50       0x14 C:/devkitPro/libnx/lib\libnx.a(sm.o)
                0x0000000000003b50                smHasInitialized
 *fill*         0x0000000000003b64        0xc 
 .text.smExit   0x0000000000003b70       0x48 C:/devkitPro/libnx/lib\libnx.a(sm.o)
                0x0000000000003b70                smExit
 *fill*         0x0000000000003bb8        0x8 
 .text.smEncodeName
                0x0000000000003bc0       0x38 C:/devkitPro/libnx/lib\libnx.a(sm.o)
                0x0000000000003bc0                smEncodeName
 *fill*         0x0000000000003bf8        0x8 
 .text.smGetServiceOriginal
                0x0000000000003c00      0x12c C:/devkitPro/libnx/lib\libnx.a(sm.o)
                0x0000000000003c00                smGetServiceOriginal
 *fill*         0x0000000000003d2c        0x4 
 .text.smInitialize
                0x0000000000003d30      0x158 C:/devkitPro/libnx/lib\libnx.a(sm.o)
                0x0000000000003d30                smInitialize
 *fill*         0x0000000000003e88        0x8 
 .text.smGetService
                0x0000000000003e90       0x74 C:/devkitPro/libnx/lib\libnx.a(sm.o)
                0x0000000000003e90                smGetService
 *fill*         0x0000000000003f04        0xc 
 .text.ipcCloseObjectById
                0x0000000000003f10       0x34 C:/devkitPro/libnx/lib\libnx.a(apm.o)
 *fill*         0x0000000000003f44        0xc 
 .text._apmGetSession.constprop.4
                0x0000000000003f50      0x124 C:/devkitPro/libnx/lib\libnx.a(apm.o)
 *fill*         0x0000000000004074        0xc 
 .text.apmExit  0x0000000000004080       0xf0 C:/devkitPro/libnx/lib\libnx.a(apm.o)
                0x0000000000004080                apmExit
 .text.apmInitialize
                0x0000000000004170       0x8c C:/devkitPro/libnx/lib\libnx.a(apm.o)
                0x0000000000004170                apmInitialize
 *fill*         0x00000000000041fc        0x4 
 .text.apmSetPerformanceConfiguration
                0x0000000000004200       0xcc C:/devkitPro/libnx/lib\libnx.a(apm.o)
                0x0000000000004200                apmSetPerformanceConfiguration
 *fill*         0x00000000000042cc        0x4 
 .text.fatalSimple
                0x00000000000042d0       0xc0 C:/devkitPro/libnx/lib\libnx.a(fatal.o)
                0x00000000000042d0                fatalSimple
 .text._gfxDequeueBuffer.part.0
                0x0000000000004390       0xc8 C:/devkitPro/libnx/lib\libnx.a(gfx.o)
 *fill*         0x0000000000004458        0x8 
 .text._gfxQueueBuffer.part.1
                0x0000000000004460       0x38 C:/devkitPro/libnx/lib\libnx.a(gfx.o)
 *fill*         0x0000000000004498        0x8 
 .text.gfxConfigureCrop
                0x00000000000044a0       0xe8 C:/devkitPro/libnx/lib\libnx.a(gfx.o)
                0x00000000000044a0                gfxConfigureCrop
 *fill*         0x0000000000004588        0x8 
 .text.gfxConfigureResolution
                0x0000000000004590       0x14 C:/devkitPro/libnx/lib\libnx.a(gfx.o)
                0x0000000000004590                gfxConfigureResolution
 *fill*         0x00000000000045a4        0xc 
 .text._gfxAutoResolutionAppletHook
                0x00000000000045b0       0x60 C:/devkitPro/libnx/lib\libnx.a(gfx.o)
 .text.gfxConfigureAutoResolution
                0x0000000000004610      0x11c C:/devkitPro/libnx/lib\libnx.a(gfx.o)
                0x0000000000004610                gfxConfigureAutoResolution
 *fill*         0x000000000000472c        0x4 
 .text.gfxExit  0x0000000000004730      0x178 C:/devkitPro/libnx/lib\libnx.a(gfx.o)
                0x0000000000004730                gfxExit
 *fill*         0x00000000000048a8        0x8 
 .text._gfxGraphicBufferInit
                0x00000000000048b0       0x54 C:/devkitPro/libnx/lib\libnx.a(gfx.o)
                0x00000000000048b0                _gfxGraphicBufferInit
 *fill*         0x0000000000004904        0xc 
 .text.gfxWaitForVsync
                0x0000000000004910       0x80 C:/devkitPro/libnx/lib\libnx.a(gfx.o)
                0x0000000000004910                gfxWaitForVsync
 .text.gfxInitDefault
                0x0000000000004990      0x588 C:/devkitPro/libnx/lib\libnx.a(gfx.o)
                0x0000000000004990                gfxInitDefault
 *fill*         0x0000000000004f18        0x8 
 .text.gfxSwapBuffers
                0x0000000000004f20       0x5c C:/devkitPro/libnx/lib\libnx.a(gfx.o)
                0x0000000000004f20                gfxSwapBuffers
 *fill*         0x0000000000004f7c        0x4 
 .text.gfxGetFramebuffer
                0x0000000000004f80       0x68 C:/devkitPro/libnx/lib\libnx.a(gfx.o)
                0x0000000000004f80                gfxGetFramebuffer
 *fill*         0x0000000000004fe8        0x8 
 .text.gfxSetMode
                0x0000000000004ff0        0xc C:/devkitPro/libnx/lib\libnx.a(gfx.o)
                0x0000000000004ff0                gfxSetMode
 *fill*         0x0000000000004ffc        0x4 
 .text.gfxFlushBuffers
                0x0000000000005000      0x144 C:/devkitPro/libnx/lib\libnx.a(gfx.o)
                0x0000000000005000                gfxFlushBuffers
 *fill*         0x0000000000005144        0xc 
 .text.nvmapobjClose
                0x0000000000005150       0x3c C:/devkitPro/libnx/lib\libnx.a(nvgfx.o)
 *fill*         0x000000000000518c        0x4 
 .text.nvmapobjInitialize.part.0
                0x0000000000005190       0x6c C:/devkitPro/libnx/lib\libnx.a(nvgfx.o)
 *fill*         0x00000000000051fc        0x4 
 .text.nvmapobjSetup.constprop.2
                0x0000000000005200       0x70 C:/devkitPro/libnx/lib\libnx.a(nvgfx.o)
 .text.nvgfxInitialize
                0x0000000000005270      0xbd8 C:/devkitPro/libnx/lib\libnx.a(nvgfx.o)
                0x0000000000005270                nvgfxInitialize
 *fill*         0x0000000000005e48        0x8 
 .text.nvgfxExit
                0x0000000000005e50      0x128 C:/devkitPro/libnx/lib\libnx.a(nvgfx.o)
                0x0000000000005e50                nvgfxExit
 *fill*         0x0000000000005f78        0x8 
 .text.nvgfxEventWait
                0x0000000000005f80       0x68 C:/devkitPro/libnx/lib\libnx.a(nvgfx.o)
                0x0000000000005f80                nvgfxEventWait
 *fill*         0x0000000000005fe8        0x8 
 .text.nvgfxGetFramebuffer
                0x0000000000005ff0       0x3c C:/devkitPro/libnx/lib\libnx.a(nvgfx.o)
                0x0000000000005ff0                nvgfxGetFramebuffer
 *fill*         0x000000000000602c        0x4 
 .text.nvioctlChannel_SetNvmapFd
                0x0000000000006030       0x24 C:/devkitPro/libnx/lib\libnx.a(channel.o)
                0x0000000000006030                nvioctlChannel_SetNvmapFd
 *fill*         0x0000000000006054        0xc 
 .text.nvioctlChannel_AllocObjCtx
                0x0000000000006060       0x30 C:/devkitPro/libnx/lib\libnx.a(channel.o)
                0x0000000000006060                nvioctlChannel_AllocObjCtx
 .text.nvioctlChannel_ZCullBind
                0x0000000000006090       0x28 C:/devkitPro/libnx/lib\libnx.a(channel.o)
                0x0000000000006090                nvioctlChannel_ZCullBind
 *fill*         0x00000000000060b8        0x8 
 .text.nvioctlChannel_SetErrorNotifier
                0x00000000000060c0       0x28 C:/devkitPro/libnx/lib\libnx.a(channel.o)
                0x00000000000060c0                nvioctlChannel_SetErrorNotifier
 *fill*         0x00000000000060e8        0x8 
 .text.nvioctlChannel_SetPriority
                0x00000000000060f0       0x24 C:/devkitPro/libnx/lib\libnx.a(channel.o)
                0x00000000000060f0                nvioctlChannel_SetPriority
 *fill*         0x0000000000006114        0xc 
 .text.nvioctlChannel_AllocGpfifoEx2
                0x0000000000006120       0x54 C:/devkitPro/libnx/lib\libnx.a(channel.o)
                0x0000000000006120                nvioctlChannel_AllocGpfifoEx2
 *fill*         0x0000000000006174        0xc 
 .text.nvioctlChannel_SetUserData
                0x0000000000006180       0x24 C:/devkitPro/libnx/lib\libnx.a(channel.o)
                0x0000000000006180                nvioctlChannel_SetUserData
 *fill*         0x00000000000061a4        0xc 
 .text.nvioctlNvhostCtrl_EventWait
                0x00000000000061b0       0x40 C:/devkitPro/libnx/lib\libnx.a(nvhost-ctrl.o)
                0x00000000000061b0                nvioctlNvhostCtrl_EventWait
 .text.nvioctlNvhostCtrlGpu_ZCullGetCtxSize
                0x00000000000061f0       0x3c C:/devkitPro/libnx/lib\libnx.a(nvhost-ctrl-gpu.o)
                0x00000000000061f0                nvioctlNvhostCtrlGpu_ZCullGetCtxSize
 *fill*         0x000000000000622c        0x4 
 .text.nvioctlNvhostCtrlGpu_ZCullGetInfo
                0x0000000000006230       0x60 C:/devkitPro/libnx/lib\libnx.a(nvhost-ctrl-gpu.o)
                0x0000000000006230                nvioctlNvhostCtrlGpu_ZCullGetInfo
 .text.nvioctlNvhostCtrlGpu_GetCharacteristics
                0x0000000000006290       0x9c C:/devkitPro/libnx/lib\libnx.a(nvhost-ctrl-gpu.o)
                0x0000000000006290                nvioctlNvhostCtrlGpu_GetCharacteristics
 *fill*         0x000000000000632c        0x4 
 .text.nvioctlNvhostCtrlGpu_GetTpcMasks
                0x0000000000006330       0x5c C:/devkitPro/libnx/lib\libnx.a(nvhost-ctrl-gpu.o)
                0x0000000000006330                nvioctlNvhostCtrlGpu_GetTpcMasks
 *fill*         0x000000000000638c        0x4 
 .text.nvioctlNvhostCtrlGpu_GetL2State
                0x0000000000006390       0x3c C:/devkitPro/libnx/lib\libnx.a(nvhost-ctrl-gpu.o)
                0x0000000000006390                nvioctlNvhostCtrlGpu_GetL2State
 *fill*         0x00000000000063cc        0x4 
 .text.nvioctlNvhostAsGpu_BindChannel
                0x00000000000063d0       0x24 C:/devkitPro/libnx/lib\libnx.a(nvhost-as-gpu.o)
                0x00000000000063d0                nvioctlNvhostAsGpu_BindChannel
 *fill*         0x00000000000063f4        0xc 
 .text.nvioctlNvhostAsGpu_AllocSpace
                0x0000000000006400       0x44 C:/devkitPro/libnx/lib\libnx.a(nvhost-as-gpu.o)
                0x0000000000006400                nvioctlNvhostAsGpu_AllocSpace
 *fill*         0x0000000000006444        0xc 
 .text.nvioctlNvhostAsGpu_MapBufferEx
                0x0000000000006450       0x50 C:/devkitPro/libnx/lib\libnx.a(nvhost-as-gpu.o)
                0x0000000000006450                nvioctlNvhostAsGpu_MapBufferEx
 .text.nvioctlNvhostAsGpu_GetVARegions
                0x00000000000064a0       0x70 C:/devkitPro/libnx/lib\libnx.a(nvhost-as-gpu.o)
                0x00000000000064a0                nvioctlNvhostAsGpu_GetVARegions
 .text.nvioctlNvhostAsGpu_InitializeEx
                0x0000000000006510       0x3c C:/devkitPro/libnx/lib\libnx.a(nvhost-as-gpu.o)
                0x0000000000006510                nvioctlNvhostAsGpu_InitializeEx
 *fill*         0x000000000000654c        0x4 
 .text.nvioctlNvmap_Create
                0x0000000000006550       0x3c C:/devkitPro/libnx/lib\libnx.a(nvmap.o)
                0x0000000000006550                nvioctlNvmap_Create
 *fill*         0x000000000000658c        0x4 
 .text.nvioctlNvmap_FromId
                0x0000000000006590       0x3c C:/devkitPro/libnx/lib\libnx.a(nvmap.o)
                0x0000000000006590                nvioctlNvmap_FromId
 *fill*         0x00000000000065cc        0x4 
 .text.nvioctlNvmap_Alloc
                0x00000000000065d0       0x30 C:/devkitPro/libnx/lib\libnx.a(nvmap.o)
                0x00000000000065d0                nvioctlNvmap_Alloc
 .text.nvioctlNvmap_GetId
                0x0000000000006600       0x3c C:/devkitPro/libnx/lib\libnx.a(nvmap.o)
                0x0000000000006600                nvioctlNvmap_GetId
 .text.armDCacheFlush
                0x000000000000663c       0x3c C:/devkitPro/libnx/lib\libnx.a(cache.o)
                0x000000000000663c                armDCacheFlush
 .text.svcSetHeapSize
                0x0000000000006678       0x14 C:/devkitPro/libnx/lib\libnx.a(svc.o)
                0x0000000000006678                svcSetHeapSize
 .text.svcUnmapMemory
                0x000000000000668c        0x8 C:/devkitPro/libnx/lib\libnx.a(svc.o)
                0x000000000000668c                svcUnmapMemory
 .text.svcQueryMemory
                0x0000000000006694       0x14 C:/devkitPro/libnx/lib\libnx.a(svc.o)
                0x0000000000006694                svcQueryMemory
 .text.svcExitProcess
                0x00000000000066a8        0x8 C:/devkitPro/libnx/lib\libnx.a(svc.o)
                0x00000000000066a8                svcExitProcess
 .text.svcSleepThread
                0x00000000000066b0        0x8 C:/devkitPro/libnx/lib\libnx.a(svc.o)
                0x00000000000066b0                svcSleepThread
 .text.svcMapSharedMemory
                0x00000000000066b8        0x8 C:/devkitPro/libnx/lib\libnx.a(svc.o)
                0x00000000000066b8                svcMapSharedMemory
 .text.svcUnmapSharedMemory
                0x00000000000066c0        0x8 C:/devkitPro/libnx/lib\libnx.a(svc.o)
                0x00000000000066c0                svcUnmapSharedMemory
 .text.svcCreateTransferMemory
                0x00000000000066c8       0x14 C:/devkitPro/libnx/lib\libnx.a(svc.o)
                0x00000000000066c8                svcCreateTransferMemory
 .text.svcCloseHandle
                0x00000000000066dc        0x8 C:/devkitPro/libnx/lib\libnx.a(svc.o)
                0x00000000000066dc                svcCloseHandle
 .text.svcResetSignal
                0x00000000000066e4        0x8 C:/devkitPro/libnx/lib\libnx.a(svc.o)
                0x00000000000066e4                svcResetSignal
 .text.svcWaitSynchronization
                0x00000000000066ec       0x14 C:/devkitPro/libnx/lib\libnx.a(svc.o)
                0x00000000000066ec                svcWaitSynchronization
 .text.svcArbitrateLock
                0x0000000000006700        0x8 C:/devkitPro/libnx/lib\libnx.a(svc.o)
                0x0000000000006700                svcArbitrateLock
 .text.svcArbitrateUnlock
                0x0000000000006708        0x8 C:/devkitPro/libnx/lib\libnx.a(svc.o)
                0x0000000000006708                svcArbitrateUnlock
 .text.svcGetSystemTick
                0x0000000000006710        0x8 C:/devkitPro/libnx/lib\libnx.a(svc.o)
                0x0000000000006710                svcGetSystemTick
 .text.svcConnectToNamedPort
                0x0000000000006718       0x14 C:/devkitPro/libnx/lib\libnx.a(svc.o)
                0x0000000000006718                svcConnectToNamedPort
 .text.svcSendSyncRequest
                0x000000000000672c        0x8 C:/devkitPro/libnx/lib\libnx.a(svc.o)
                0x000000000000672c                svcSendSyncRequest
 .text.svcBreak
                0x0000000000006734        0x8 C:/devkitPro/libnx/lib\libnx.a(svc.o)
                0x0000000000006734                svcBreak
 .text.svcGetInfo
                0x000000000000673c       0x14 C:/devkitPro/libnx/lib\libnx.a(svc.o)
                0x000000000000673c                svcGetInfo
 .text.svcUnmapTransferMemory
                0x0000000000006750        0x8 C:/devkitPro/libnx/lib\libnx.a(svc.o)
                0x0000000000006750                svcUnmapTransferMemory
 *fill*         0x0000000000006758        0x8 
 .text.__nx_dynamic
                0x0000000000006760       0xa0 C:/devkitPro/libnx/lib\libnx.a(dynamic.o)
                0x0000000000006760                __nx_dynamic
 .text.__libnx_initheap
                0x0000000000006800       0xd8 C:/devkitPro/libnx/lib\libnx.a(init.o)
                0x0000000000006800                __libnx_initheap
 *fill*         0x00000000000068d8        0x8 
 .text.__appInit
                0x00000000000068e0       0x74 C:/devkitPro/libnx/lib\libnx.a(init.o)
                0x00000000000068e0                __appInit
 *fill*         0x0000000000006954        0xc 
 .text.__appExit
                0x0000000000006960       0x24 C:/devkitPro/libnx/lib\libnx.a(init.o)
                0x0000000000006960                __appExit
 *fill*         0x0000000000006984        0xc 
 .text.__libnx_init
                0x0000000000006990       0x28 C:/devkitPro/libnx/lib\libnx.a(init.o)
                0x0000000000006990                __libnx_init
 *fill*         0x00000000000069b8        0x8 
 .text.__libnx_exit
                0x00000000000069c0       0x20 C:/devkitPro/libnx/lib\libnx.a(init.o)
                0x00000000000069c0                __libnx_exit
 .text.envSetup
                0x00000000000069e0      0x1b0 C:/devkitPro/libnx/lib\libnx.a(env.o)
                0x00000000000069e0                envSetup
 .text.envGetMainThreadHandle
                0x0000000000006b90       0x20 C:/devkitPro/libnx/lib\libnx.a(env.o)
                0x0000000000006b90                envGetMainThreadHandle
 .text.envIsNso
                0x0000000000006bb0        0xc C:/devkitPro/libnx/lib\libnx.a(env.o)
                0x0000000000006bb0                envIsNso
 *fill*         0x0000000000006bbc        0x4 
 .text.envHasHeapOverride
                0x0000000000006bc0       0x14 C:/devkitPro/libnx/lib\libnx.a(env.o)
                0x0000000000006bc0                envHasHeapOverride
 *fill*         0x0000000000006bd4        0xc 
 .text.envGetHeapOverrideAddr
                0x0000000000006be0        0xc C:/devkitPro/libnx/lib\libnx.a(env.o)
                0x0000000000006be0                envGetHeapOverrideAddr
 *fill*         0x0000000000006bec        0x4 
 .text.envGetHeapOverrideSize
                0x0000000000006bf0        0xc C:/devkitPro/libnx/lib\libnx.a(env.o)
                0x0000000000006bf0                envGetHeapOverrideSize
 *fill*         0x0000000000006bfc        0x4 
 .text.envHasArgv
                0x0000000000006c00       0x14 C:/devkitPro/libnx/lib\libnx.a(env.o)
                0x0000000000006c00                envHasArgv
 *fill*         0x0000000000006c14        0xc 
 .text.envGetArgv
                0x0000000000006c20        0xc C:/devkitPro/libnx/lib\libnx.a(env.o)
                0x0000000000006c20                envGetArgv
 *fill*         0x0000000000006c2c        0x4 
 .text.envGetExitFuncPtr
                0x0000000000006c30        0xc C:/devkitPro/libnx/lib\libnx.a(env.o)
                0x0000000000006c30                envGetExitFuncPtr
 *fill*         0x0000000000006c3c        0x4 
 .text.mutexInit
                0x0000000000006c40        0x8 C:/devkitPro/libnx/lib\libnx.a(newlib.o)
 *fill*         0x0000000000006c48        0x8 
 .text.rmutexInit
                0x0000000000006c50        0xc C:/devkitPro/libnx/lib\libnx.a(newlib.o)
 *fill*         0x0000000000006c5c        0x4 
 .text.__libnx_gtod
                0x0000000000006c60       0x80 C:/devkitPro/libnx/lib\libnx.a(newlib.o)
                0x0000000000006c60                __libnx_gtod
 .text.__libnx_get_reent
                0x0000000000006ce0       0x34 C:/devkitPro/libnx/lib\libnx.a(newlib.o)
 *fill*         0x0000000000006d14        0xc 
 .text.newlibSetup
                0x0000000000006d20       0xec C:/devkitPro/libnx/lib\libnx.a(newlib.o)
                0x0000000000006d20                newlibSetup
 *fill*         0x0000000000006e0c        0x4 
 .text.argvSetup
                0x0000000000006e10      0x368 C:/devkitPro/libnx/lib\libnx.a(argv.o)
                0x0000000000006e10                argvSetup
 *fill*         0x0000000000007178        0x8 
 .text._CacheValues
                0x0000000000007180      0x140 C:/devkitPro/libnx/lib\libnx.a(detect.o)
 .text.kernelAbove200
                0x00000000000072c0       0x1c C:/devkitPro/libnx/lib\libnx.a(detect.o)
                0x00000000000072c0                kernelAbove200
 *fill*         0x00000000000072dc        0x4 
 .text.kernelAbove300
                0x00000000000072e0       0x1c C:/devkitPro/libnx/lib\libnx.a(detect.o)
                0x00000000000072e0                kernelAbove300
 *fill*         0x00000000000072fc        0x4 
 .text.detectDebugger
                0x0000000000007300       0x30 C:/devkitPro/libnx/lib\libnx.a(detect.o)
                0x0000000000007300                detectDebugger
 .text.shmemLoadRemote
                0x0000000000007330       0x14 C:/devkitPro/libnx/lib\libnx.a(shmem.o)
                0x0000000000007330                shmemLoadRemote
 *fill*         0x0000000000007344        0xc 
 .text.shmemMap
                0x0000000000007350       0x84 C:/devkitPro/libnx/lib\libnx.a(shmem.o)
                0x0000000000007350                shmemMap
 *fill*         0x00000000000073d4        0xc 
 .text.shmemUnmap
                0x00000000000073e0       0x58 C:/devkitPro/libnx/lib\libnx.a(shmem.o)
                0x00000000000073e0                shmemUnmap
 *fill*         0x0000000000007438        0x8 
 .text.shmemClose
                0x0000000000007440       0x44 C:/devkitPro/libnx/lib\libnx.a(shmem.o)
                0x0000000000007440                shmemClose
 *fill*         0x0000000000007484        0xc 
 .text.rwlockReadLock
                0x0000000000007490       0x4c C:/devkitPro/libnx/lib\libnx.a(rwlock.o)
                0x0000000000007490                rwlockReadLock
 *fill*         0x00000000000074dc        0x4 
 .text.rwlockReadUnlock
                0x00000000000074e0       0x4c C:/devkitPro/libnx/lib\libnx.a(rwlock.o)
                0x00000000000074e0                rwlockReadUnlock
 *fill*         0x000000000000752c        0x4 
 .text.rwlockWriteLock
                0x0000000000007530        0x8 C:/devkitPro/libnx/lib\libnx.a(rwlock.o)
                0x0000000000007530                rwlockWriteLock
 *fill*         0x0000000000007538        0x8 
 .text.rwlockWriteUnlock
                0x0000000000007540        0x8 C:/devkitPro/libnx/lib\libnx.a(rwlock.o)
                0x0000000000007540                rwlockWriteUnlock
 *fill*         0x0000000000007548        0x8 
 .text.mutexLock
                0x0000000000007550       0x94 C:/devkitPro/libnx/lib\libnx.a(mutex.o)
                0x0000000000007550                mutexLock
 *fill*         0x00000000000075e4        0xc 
 .text.mutexUnlock
                0x00000000000075f0       0x24 C:/devkitPro/libnx/lib\libnx.a(mutex.o)
                0x00000000000075f0                mutexUnlock
 *fill*         0x0000000000007614        0xc 
 .text.rmutexLock
                0x0000000000007620       0x4c C:/devkitPro/libnx/lib\libnx.a(mutex.o)
                0x0000000000007620                rmutexLock
 *fill*         0x000000000000766c        0x4 
 .text.rmutexUnlock
                0x0000000000007670       0x1c C:/devkitPro/libnx/lib\libnx.a(mutex.o)
                0x0000000000007670                rmutexUnlock
 *fill*         0x000000000000768c        0x4 
 .text._GetRegionFromInfo.isra.1
                0x0000000000007690       0x7c C:/devkitPro/libnx/lib\libnx.a(virtmem.o)
 *fill*         0x000000000000770c        0x4 
 .text.virtmemSetup
                0x0000000000007710       0xe4 C:/devkitPro/libnx/lib\libnx.a(virtmem.o)
                0x0000000000007710                virtmemSetup
 *fill*         0x00000000000077f4        0xc 
 .text.virtmemReserve
                0x0000000000007800      0x13c C:/devkitPro/libnx/lib\libnx.a(virtmem.o)
                0x0000000000007800                virtmemReserve
 *fill*         0x000000000000793c        0x4 
 .text.virtmemFree
                0x0000000000007940        0x4 C:/devkitPro/libnx/lib\libnx.a(virtmem.o)
                0x0000000000007940                virtmemFree
 *fill*         0x0000000000007944        0xc 
 .text.fsdev_link
                0x0000000000007950       0x10 C:/devkitPro/libnx/lib\libnx.a(fs_dev.o)
 .text.fsdev_dirreset
                0x0000000000007960       0x10 C:/devkitPro/libnx/lib\libnx.a(fs_dev.o)
 .text.fsdev_chmod
                0x0000000000007970       0x10 C:/devkitPro/libnx/lib\libnx.a(fs_dev.o)
 .text.error_cmp
                0x0000000000007980       0x1c C:/devkitPro/libnx/lib\libnx.a(fs_dev.o)
 *fill*         0x000000000000799c        0x4 
 .text.fsdev_translate_error
                0x00000000000079a0       0x58 C:/devkitPro/libnx/lib\libnx.a(fs_dev.o)
 *fill*         0x00000000000079f8        0x8 
 .text.fsdev_fsync
                0x0000000000007a00       0x40 C:/devkitPro/libnx/lib\libnx.a(fs_dev.o)
 .text.fsdev_ftruncate
                0x0000000000007a40       0x60 C:/devkitPro/libnx/lib\libnx.a(fs_dev.o)
 .text.fsdev_dirclose
                0x0000000000007aa0       0x20 C:/devkitPro/libnx/lib\libnx.a(fs_dev.o)
 .text.fsdev_dirnext
                0x0000000000007ac0      0x16c C:/devkitPro/libnx/lib\libnx.a(fs_dev.o)
 *fill*         0x0000000000007c2c        0x4 
 .text.fsdev_close
                0x0000000000007c30       0x1c C:/devkitPro/libnx/lib\libnx.a(fs_dev.o)
 *fill*         0x0000000000007c4c        0x4 
 .text.fsdev_fstat
                0x0000000000007c50       0x80 C:/devkitPro/libnx/lib\libnx.a(fs_dev.o)
 .text.fsdev_seek
                0x0000000000007cd0       0xb0 C:/devkitPro/libnx/lib\libnx.a(fs_dev.o)
 .text.fsdev_read
                0x0000000000007d80      0x198 C:/devkitPro/libnx/lib\libnx.a(fs_dev.o)
 *fill*         0x0000000000007f18        0x8 
 .text.fsdev_write
                0x0000000000007f20      0x1a0 C:/devkitPro/libnx/lib\libnx.a(fs_dev.o)
 .text.fsdevFindDevice
                0x00000000000080c0      0x118 C:/devkitPro/libnx/lib\libnx.a(fs_dev.o)
 *fill*         0x00000000000081d8        0x8 
 .text._fsdevMountDevice
                0x00000000000081e0      0x168 C:/devkitPro/libnx/lib\libnx.a(fs_dev.o)
 *fill*         0x0000000000008348        0x8 
 .text.fsdev_getfspath
                0x0000000000008350      0x1fc C:/devkitPro/libnx/lib\libnx.a(fs_dev.o)
 *fill*         0x000000000000854c        0x4 
 .text.fsdev_rmdir
                0x0000000000008550       0x70 C:/devkitPro/libnx/lib\libnx.a(fs_dev.o)
 .text.fsdev_statvfs
                0x00000000000085c0       0xd4 C:/devkitPro/libnx/lib\libnx.a(fs_dev.o)
 *fill*         0x0000000000008694        0xc 
 .text.fsdev_diropen
                0x00000000000086a0       0xec C:/devkitPro/libnx/lib\libnx.a(fs_dev.o)
 *fill*         0x000000000000878c        0x4 
 .text.fsdev_mkdir
                0x0000000000008790       0x70 C:/devkitPro/libnx/lib\libnx.a(fs_dev.o)
 .text.fsdev_rename
                0x0000000000008800      0x114 C:/devkitPro/libnx/lib\libnx.a(fs_dev.o)
 *fill*         0x0000000000008914        0xc 
 .text.fsdev_chdir
                0x0000000000008920       0xc4 C:/devkitPro/libnx/lib\libnx.a(fs_dev.o)
 *fill*         0x00000000000089e4        0xc 
 .text.fsdev_unlink
                0x00000000000089f0       0x70 C:/devkitPro/libnx/lib\libnx.a(fs_dev.o)
 .text.fsdev_stat
                0x0000000000008a60      0x168 C:/devkitPro/libnx/lib\libnx.a(fs_dev.o)
 *fill*         0x0000000000008bc8        0x8 
 .text.fsdev_open
                0x0000000000008bd0      0x180 C:/devkitPro/libnx/lib\libnx.a(fs_dev.o)
 .text._fsdevUnmountDeviceStruct.part.4
                0x0000000000008d50       0xb8 C:/devkitPro/libnx/lib\libnx.a(fs_dev.o)
 *fill*         0x0000000000008e08        0x8 
 .text.fsdev_fchmod
                0x0000000000008e10       0x10 C:/devkitPro/libnx/lib\libnx.a(fs_dev.o)
 .text.fsdevMountSdmc
                0x0000000000008e20      0x158 C:/devkitPro/libnx/lib\libnx.a(fs_dev.o)
                0x0000000000008e20                fsdevMountSdmc
 *fill*         0x0000000000008f78        0x8 
 .text.fsdevUnmountAll
                0x0000000000008f80       0x64 C:/devkitPro/libnx/lib\libnx.a(fs_dev.o)
                0x0000000000008f80                fsdevUnmountAll
 *fill*         0x0000000000008fe4        0xc 
 .text.ipcCloseObjectById
                0x0000000000008ff0       0x34 C:/devkitPro/libnx/lib\libnx.a(time.o)
 *fill*         0x0000000000009024        0xc 
 .text._timeGetSession
                0x0000000000009030      0x12c C:/devkitPro/libnx/lib\libnx.a(time.o)
 *fill*         0x000000000000915c        0x4 
 .text.timeExit
                0x0000000000009160      0x1ec C:/devkitPro/libnx/lib\libnx.a(time.o)
                0x0000000000009160                timeExit
 *fill*         0x000000000000934c        0x4 
 .text.timeInitialize
                0x0000000000009350       0xd8 C:/devkitPro/libnx/lib\libnx.a(time.o)
                0x0000000000009350                timeInitialize
 *fill*         0x0000000000009428        0x8 
 .text.timeGetCurrentTime
                0x0000000000009430      0x124 C:/devkitPro/libnx/lib\libnx.a(time.o)
                0x0000000000009430                timeGetCurrentTime
 *fill*         0x0000000000009554        0xc 
 .text.ipcCloseObjectById
                0x0000000000009560       0x34 C:/devkitPro/libnx/lib\libnx.a(vi.o)
 *fill*         0x0000000000009594        0xc 
 .text._viCreatestray_layer.isra.4
                0x00000000000095a0      0x130 C:/devkitPro/libnx/lib\libnx.a(vi.o)
 .text._viGetSession.constprop.6
                0x00000000000096d0      0x134 C:/devkitPro/libnx/lib\libnx.a(vi.o)
 *fill*         0x0000000000009804        0xc 
 .text._viOpenLayer
                0x0000000000009810      0x140 C:/devkitPro/libnx/lib\libnx.a(vi.o)
 .text.viExit   0x0000000000009950      0x1d8 C:/devkitPro/libnx/lib\libnx.a(vi.o)
                0x0000000000009950                viExit
 *fill*         0x0000000000009b28        0x8 
 .text.viInitialize
                0x0000000000009b30      0x26c C:/devkitPro/libnx/lib\libnx.a(vi.o)
                0x0000000000009b30                viInitialize
 *fill*         0x0000000000009d9c        0x4 
 .text.viGetSession_IHOSBinderDriverRelay
                0x0000000000009da0        0xc C:/devkitPro/libnx/lib\libnx.a(vi.o)
                0x0000000000009da0                viGetSession_IHOSBinderDriverRelay
 *fill*         0x0000000000009dac        0x4 
 .text.viOpenDisplay
                0x0000000000009db0      0x140 C:/devkitPro/libnx/lib\libnx.a(vi.o)
                0x0000000000009db0                viOpenDisplay
 .text.viCloseDisplay
                0x0000000000009ef0       0xf0 C:/devkitPro/libnx/lib\libnx.a(vi.o)
                0x0000000000009ef0                viCloseDisplay
 .text.viOpenLayer
                0x0000000000009fe0       0xd0 C:/devkitPro/libnx/lib\libnx.a(vi.o)
                0x0000000000009fe0                viOpenLayer
 .text.viCloseLayer
                0x000000000000a0b0      0x100 C:/devkitPro/libnx/lib\libnx.a(vi.o)
                0x000000000000a0b0                viCloseLayer
 .text.viSetLayerScalingMode
                0x000000000000a1b0       0xe8 C:/devkitPro/libnx/lib\libnx.a(vi.o)
                0x000000000000a1b0                viSetLayerScalingMode
 *fill*         0x000000000000a298        0x8 
 .text.viGetDisplayVsyncEvent
                0x000000000000a2a0      0x12c C:/devkitPro/libnx/lib\libnx.a(vi.o)
                0x000000000000a2a0                viGetDisplayVsyncEvent
 *fill*         0x000000000000a3cc        0x4 
 .text.ipcCloseObjectById
                0x000000000000a3d0       0x34 C:/devkitPro/libnx/lib\libnx.a(nv.o)
 *fill*         0x000000000000a404        0xc 
 .text.ipcQueryPointerBufferSize.constprop.6
                0x000000000000a410       0xc8 C:/devkitPro/libnx/lib\libnx.a(nv.o)
 *fill*         0x000000000000a4d8        0x8 
 .text._nvSetClientPID
                0x000000000000a4e0       0xd8 C:/devkitPro/libnx/lib\libnx.a(nv.o)
 *fill*         0x000000000000a5b8        0x8 
 .text._nvInitialize.constprop.5
                0x000000000000a5c0       0xf0 C:/devkitPro/libnx/lib\libnx.a(nv.o)
 .text.nvExit   0x000000000000a6b0       0xa8 C:/devkitPro/libnx/lib\libnx.a(nv.o)
                0x000000000000a6b0                nvExit
 *fill*         0x000000000000a758        0x8 
 .text.nvInitialize
                0x000000000000a760      0x1a4 C:/devkitPro/libnx/lib\libnx.a(nv.o)
                0x000000000000a760                nvInitialize
 *fill*         0x000000000000a904        0xc 
 .text.nvConvertError
                0x000000000000a910      0x12c C:/devkitPro/libnx/lib\libnx.a(nv.o)
                0x000000000000a910                nvConvertError
 *fill*         0x000000000000aa3c        0x4 
 .text.nvOpen   0x000000000000aa40      0x12c C:/devkitPro/libnx/lib\libnx.a(nv.o)
                0x000000000000aa40                nvOpen
 *fill*         0x000000000000ab6c        0x4 
 .text.nvIoctl  0x000000000000ab70      0x218 C:/devkitPro/libnx/lib\libnx.a(nv.o)
                0x000000000000ab70                nvIoctl
 *fill*         0x000000000000ad88        0x8 
 .text.nvClose  0x000000000000ad90       0xdc C:/devkitPro/libnx/lib\libnx.a(nv.o)
                0x000000000000ad90                nvClose
 *fill*         0x000000000000ae6c        0x4 
 .text.nvQueryEvent
                0x000000000000ae70      0x13c C:/devkitPro/libnx/lib\libnx.a(nv.o)
                0x000000000000ae70                nvQueryEvent
 *fill*         0x000000000000afac        0x4 
 .text.ipcCloseObjectById
                0x000000000000afb0       0x34 C:/devkitPro/libnx/lib\libnx.a(fs.o)
 *fill*         0x000000000000afe4        0xc 
 .text.fsInitialize
                0x000000000000aff0      0x124 C:/devkitPro/libnx/lib\libnx.a(fs.o)
                0x000000000000aff0                fsInitialize
 *fill*         0x000000000000b114        0xc 
 .text.fsExit   0x000000000000b120       0x9c C:/devkitPro/libnx/lib\libnx.a(fs.o)
                0x000000000000b120                fsExit
 *fill*         0x000000000000b1bc        0x4 
 .text.fsMountSdcard
                0x000000000000b1c0      0x134 C:/devkitPro/libnx/lib\libnx.a(fs.o)
                0x000000000000b1c0                fsMountSdcard
 *fill*         0x000000000000b2f4        0xc 
 .text.fsFsCreateFile
                0x000000000000b300       0xf4 C:/devkitPro/libnx/lib\libnx.a(fs.o)
                0x000000000000b300                fsFsCreateFile
 *fill*         0x000000000000b3f4        0xc 
 .text.fsFsDeleteFile
                0x000000000000b400       0xf0 C:/devkitPro/libnx/lib\libnx.a(fs.o)
                0x000000000000b400                fsFsDeleteFile
 .text.fsFsCreateDirectory
                0x000000000000b4f0       0xf0 C:/devkitPro/libnx/lib\libnx.a(fs.o)
                0x000000000000b4f0                fsFsCreateDirectory
 .text.fsFsDeleteDirectory
                0x000000000000b5e0       0xf0 C:/devkitPro/libnx/lib\libnx.a(fs.o)
                0x000000000000b5e0                fsFsDeleteDirectory
 .text.fsFsRenameFile
                0x000000000000b6d0      0x11c C:/devkitPro/libnx/lib\libnx.a(fs.o)
                0x000000000000b6d0                fsFsRenameFile
 *fill*         0x000000000000b7ec        0x4 
 .text.fsFsRenameDirectory
                0x000000000000b7f0      0x11c C:/devkitPro/libnx/lib\libnx.a(fs.o)
                0x000000000000b7f0                fsFsRenameDirectory
 *fill*         0x000000000000b90c        0x4 
 .text.fsFsGetEntryType
                0x000000000000b910      0x104 C:/devkitPro/libnx/lib\libnx.a(fs.o)
                0x000000000000b910                fsFsGetEntryType
 *fill*         0x000000000000ba14        0xc 
 .text.fsFsOpenFile
                0x000000000000ba20      0x154 C:/devkitPro/libnx/lib\libnx.a(fs.o)
                0x000000000000ba20                fsFsOpenFile
 *fill*         0x000000000000bb74        0xc 
 .text.fsFsOpenDirectory
                0x000000000000bb80      0x14c C:/devkitPro/libnx/lib\libnx.a(fs.o)
                0x000000000000bb80                fsFsOpenDirectory
 *fill*         0x000000000000bccc        0x4 
 .text.fsFsGetFreeSpace
                0x000000000000bcd0      0x104 C:/devkitPro/libnx/lib\libnx.a(fs.o)
                0x000000000000bcd0                fsFsGetFreeSpace
 *fill*         0x000000000000bdd4        0xc 
 .text.fsFsGetTotalSpace
                0x000000000000bde0      0x104 C:/devkitPro/libnx/lib\libnx.a(fs.o)
                0x000000000000bde0                fsFsGetTotalSpace
 *fill*         0x000000000000bee4        0xc 
 .text.fsFsClose
                0x000000000000bef0       0x6c C:/devkitPro/libnx/lib\libnx.a(fs.o)
                0x000000000000bef0                fsFsClose
 *fill*         0x000000000000bf5c        0x4 
 .text.fsFileRead
                0x000000000000bf60      0x108 C:/devkitPro/libnx/lib\libnx.a(fs.o)
                0x000000000000bf60                fsFileRead
 *fill*         0x000000000000c068        0x8 
 .text.fsFileWrite
                0x000000000000c070       0xf8 C:/devkitPro/libnx/lib\libnx.a(fs.o)
                0x000000000000c070                fsFileWrite
 *fill*         0x000000000000c168        0x8 
 .text.fsFileFlush
                0x000000000000c170       0xc8 C:/devkitPro/libnx/lib\libnx.a(fs.o)
                0x000000000000c170                fsFileFlush
 *fill*         0x000000000000c238        0x8 
 .text.fsFileSetSize
                0x000000000000c240       0xc8 C:/devkitPro/libnx/lib\libnx.a(fs.o)
                0x000000000000c240                fsFileSetSize
 *fill*         0x000000000000c308        0x8 
 .text.fsFileGetSize
                0x000000000000c310       0xec C:/devkitPro/libnx/lib\libnx.a(fs.o)
                0x000000000000c310                fsFileGetSize
 *fill*         0x000000000000c3fc        0x4 
 .text.fsFileClose
                0x000000000000c400       0x6c C:/devkitPro/libnx/lib\libnx.a(fs.o)
                0x000000000000c400                fsFileClose
 *fill*         0x000000000000c46c        0x4 
 .text.fsDirClose
                0x000000000000c470       0x6c C:/devkitPro/libnx/lib\libnx.a(fs.o)
                0x000000000000c470                fsDirClose
 *fill*         0x000000000000c4dc        0x4 
 .text.fsDirRead
                0x000000000000c4e0      0x110 C:/devkitPro/libnx/lib\libnx.a(fs.o)
                0x000000000000c4e0                fsDirRead
 .text.bufferProducerInitialize
                0x000000000000c5f0       0x10 C:/devkitPro/libnx/lib\libnx.a(buffer_producer.o)
                0x000000000000c5f0                bufferProducerInitialize
 .text.bufferProducerExit
                0x000000000000c600        0xc C:/devkitPro/libnx/lib\libnx.a(buffer_producer.o)
                0x000000000000c600                bufferProducerExit
 *fill*         0x000000000000c60c        0x4 
 .text.bufferProducerRequestBuffer
                0x000000000000c610      0x11c C:/devkitPro/libnx/lib\libnx.a(buffer_producer.o)
                0x000000000000c610                bufferProducerRequestBuffer
 *fill*         0x000000000000c72c        0x4 
 .text.bufferProducerDequeueBuffer
                0x000000000000c730      0x198 C:/devkitPro/libnx/lib\libnx.a(buffer_producer.o)
                0x000000000000c730                bufferProducerDequeueBuffer
 *fill*         0x000000000000c8c8        0x8 
 .text.bufferProducerDetachBuffer
                0x000000000000c8d0       0x94 C:/devkitPro/libnx/lib\libnx.a(buffer_producer.o)
                0x000000000000c8d0                bufferProducerDetachBuffer
 *fill*         0x000000000000c964        0xc 
 .text.bufferProducerQueueBuffer
                0x000000000000c970      0x108 C:/devkitPro/libnx/lib\libnx.a(buffer_producer.o)
                0x000000000000c970                bufferProducerQueueBuffer
 *fill*         0x000000000000ca78        0x8 
 .text.bufferProducerQuery
                0x000000000000ca80       0xdc C:/devkitPro/libnx/lib\libnx.a(buffer_producer.o)
                0x000000000000ca80                bufferProducerQuery
 *fill*         0x000000000000cb5c        0x4 
 .text.bufferProducerConnect
                0x000000000000cb60      0x110 C:/devkitPro/libnx/lib\libnx.a(buffer_producer.o)
                0x000000000000cb60                bufferProducerConnect
 .text.bufferProducerDisconnect
                0x000000000000cc70       0x94 C:/devkitPro/libnx/lib\libnx.a(buffer_producer.o)
                0x000000000000cc70                bufferProducerDisconnect
 *fill*         0x000000000000cd04        0xc 
 .text.bufferProducerGraphicBufferInit
                0x000000000000cd10      0x100 C:/devkitPro/libnx/lib\libnx.a(buffer_producer.o)
                0x000000000000cd10                bufferProducerGraphicBufferInit
 .text._binderTransactParcelAuto
                0x000000000000ce10      0x248 C:/devkitPro/libnx/lib\libnx.a(binder.o)
 *fill*         0x000000000000d058        0x8 
 .text.ipcQueryPointerBufferSize
                0x000000000000d060       0xc8 C:/devkitPro/libnx/lib\libnx.a(binder.o)
 *fill*         0x000000000000d128        0x8 
 .text._binderTransactParcel
                0x000000000000d130      0x138 C:/devkitPro/libnx/lib\libnx.a(binder.o)
 *fill*         0x000000000000d268        0x8 
 .text.binderCreateSession
                0x000000000000d270       0x18 C:/devkitPro/libnx/lib\libnx.a(binder.o)
                0x000000000000d270                binderCreateSession
 *fill*         0x000000000000d288        0x8 
 .text.binderTransactParcel
                0x000000000000d290       0x10 C:/devkitPro/libnx/lib\libnx.a(binder.o)
                0x000000000000d290                binderTransactParcel
 .text.binderAdjustRefcount
                0x000000000000d2a0       0xe4 C:/devkitPro/libnx/lib\libnx.a(binder.o)
                0x000000000000d2a0                binderAdjustRefcount
 *fill*         0x000000000000d384        0xc 
 .text.binderExitSession
                0x000000000000d390       0x68 C:/devkitPro/libnx/lib\libnx.a(binder.o)
                0x000000000000d390                binderExitSession
 *fill*         0x000000000000d3f8        0x8 
 .text.binderGetNativeHandle
                0x000000000000d400      0x13c C:/devkitPro/libnx/lib\libnx.a(binder.o)
                0x000000000000d400                binderGetNativeHandle
 *fill*         0x000000000000d53c        0x4 
 .text.binderInitSession
                0x000000000000d540      0x120 C:/devkitPro/libnx/lib\libnx.a(binder.o)
                0x000000000000d540                binderInitSession
 .text.parcelInitialize
                0x000000000000d660       0x28 C:/devkitPro/libnx/lib\libnx.a(parcel.o)
                0x000000000000d660                parcelInitialize
 *fill*         0x000000000000d688        0x8 
 .text.parcelTransact
                0x000000000000d690      0x190 C:/devkitPro/libnx/lib\libnx.a(parcel.o)
                0x000000000000d690                parcelTransact
 .text.parcelWriteData
                0x000000000000d820       0x88 C:/devkitPro/libnx/lib\libnx.a(parcel.o)
                0x000000000000d820                parcelWriteData
 *fill*         0x000000000000d8a8        0x8 
 .text.parcelReadData
                0x000000000000d8b0       0x98 C:/devkitPro/libnx/lib\libnx.a(parcel.o)
                0x000000000000d8b0                parcelReadData
 *fill*         0x000000000000d948        0x8 
 .text.parcelWriteInt32
                0x000000000000d950       0x20 C:/devkitPro/libnx/lib\libnx.a(parcel.o)
                0x000000000000d950                parcelWriteInt32
 .text.parcelWriteUInt32
                0x000000000000d970       0x20 C:/devkitPro/libnx/lib\libnx.a(parcel.o)
                0x000000000000d970                parcelWriteUInt32
 .text.parcelWriteString16
                0x000000000000d990       0x80 C:/devkitPro/libnx/lib\libnx.a(parcel.o)
                0x000000000000d990                parcelWriteString16
 .text.parcelWriteInterfaceToken
                0x000000000000da10       0x30 C:/devkitPro/libnx/lib\libnx.a(parcel.o)
                0x000000000000da10                parcelWriteInterfaceToken
 .text.parcelReadInt32
                0x000000000000da40       0x24 C:/devkitPro/libnx/lib\libnx.a(parcel.o)
                0x000000000000da40                parcelReadInt32
 *fill*         0x000000000000da64        0xc 
 .text.parcelReadFlattenedObject
                0x000000000000da70       0x68 C:/devkitPro/libnx/lib\libnx.a(parcel.o)
                0x000000000000da70                parcelReadFlattenedObject
 *fill*         0x000000000000dad8        0x8 
 .text.parcelWriteFlattenedObject
                0x000000000000dae0       0x44 C:/devkitPro/libnx/lib\libnx.a(parcel.o)
                0x000000000000dae0                parcelWriteFlattenedObject
 *fill*         0x000000000000db24        0xc 
 .text.decode_utf8
                0x000000000000db30      0x12c C:/devkitPro/libnx/lib\libnx.a(decode_utf8.o)
                0x000000000000db30                decode_utf8
 .text.__aarch64_read_tp
                0x000000000000dc5c        0xc C:/devkitPro/libnx/lib\libnx.a(readtp.o)
                0x000000000000dc5c                __aarch64_read_tp
 *fill*         0x000000000000dc68        0x8 
 .text.nxlinkSetup
                0x000000000000dc70       0xc4 C:/devkitPro/libnx/lib\libnx.a(nxlink.o)
                0x000000000000dc70                nxlinkSetup
 *fill*         0x000000000000dd34        0xc 
 .text.tmemCreate
                0x000000000000dd40       0x7c C:/devkitPro/libnx/lib\libnx.a(tmem.o)
                0x000000000000dd40                tmemCreate
 *fill*         0x000000000000ddbc        0x4 
 .text.tmemUnmap
                0x000000000000ddc0       0x58 C:/devkitPro/libnx/lib\libnx.a(tmem.o)
                0x000000000000ddc0                tmemUnmap
 *fill*         0x000000000000de18        0x8 
 .text.tmemClose
                0x000000000000de20       0x68 C:/devkitPro/libnx/lib\libnx.a(tmem.o)
                0x000000000000de20                tmemClose
 .text.bsearch  0x000000000000de88       0xb8 c:/devkitpro/devkita64/bin/../lib/gcc/aarch64-none-elf/8.1.0/../../../../aarch64-none-elf/lib/pic\libg.a(lib_a-bsearch.o)
                0x000000000000de88                bsearch
 .text.__libc_fini_array
                0x000000000000df40       0x44 c:/devkitpro/devkita64/bin/../lib/gcc/aarch64-none-elf/8.1.0/../../../../aarch64-none-elf/lib/pic\libg.a(lib_a-fini.o)
                0x000000000000df40                __libc_fini_array
 *fill*         0x000000000000df84        0x4 
 .text.__libc_init_array
                0x000000000000df88       0x8c c:/devkitpro/devkita64/bin/../lib/gcc/aarch64-none-elf/8.1.0/../../../../aarch64-none-elf/lib/pic\libg.a(lib_a-init.o)
                0x000000000000df88                __libc_init_array
 *fill*         0x000000000000e014        0x4 
 .text.__locale_mb_cur_max
                0x000000000000e018       0x2c c:/devkitpro/devkita64/bin/../lib/gcc/aarch64-none-elf/8.1.0/../../../../aarch64-none-elf/lib/pic\libg.a(lib_a-locale.o)
                0x000000000000e018                __locale_mb_cur_max
 *fill*         0x000000000000e044        0x4 
 .text.__locale_ctype_ptr_l
                0x000000000000e048        0x8 c:/devkitpro/devkita64/bin/../lib/gcc/aarch64-none-elf/8.1.0/../../../../aarch64-none-elf/lib/pic\libg.a(lib_a-locale.o)
                0x000000000000e048                __locale_ctype_ptr_l
 .text.__locale_ctype_ptr
                0x000000000000e050       0x2c c:/devkitpro/devkita64/bin/../lib/gcc/aarch64-none-elf/8.1.0/../../../../aarch64-none-elf/lib/pic\libg.a(lib_a-locale.o)
                0x000000000000e050                __locale_ctype_ptr
 *fill*         0x000000000000e07c        0x4 
 .text.memalign
                0x000000000000e080       0x30 c:/devkitpro/devkita64/bin/../lib/gcc/aarch64-none-elf/8.1.0/../../../../aarch64-none-elf/lib/pic\libg.a(lib_a-malign.o)
                0x000000000000e080                memalign
 .text._memalign_r
                0x000000000000e0b0      0x198 c:/devkitpro/devkita64/bin/../lib/gcc/aarch64-none-elf/8.1.0/../../../../aarch64-none-elf/lib/pic\libg.a(lib_a-malignr.o)
                0x000000000000e0b0                _memalign_r
 .text.malloc   0x000000000000e248       0x1c c:/devkitpro/devkita64/bin/../lib/gcc/aarch64-none-elf/8.1.0/../../../../aarch64-none-elf/lib/pic\libg.a(lib_a-malloc.o)
                0x000000000000e248                malloc
 *fill*         0x000000000000e264        0x4 
 .text.free     0x000000000000e268       0x1c c:/devkitpro/devkita64/bin/../lib/gcc/aarch64-none-elf/8.1.0/../../../../aarch64-none-elf/lib/pic\libg.a(lib_a-malloc.o)
                0x000000000000e268                free
 *fill*         0x000000000000e284        0x4 
 .text._malloc_r
                0x000000000000e288      0x844 c:/devkitpro/devkita64/bin/../lib/gcc/aarch64-none-elf/8.1.0/../../../../aarch64-none-elf/lib/pic\libg.a(lib_a-mallocr.o)
                0x000000000000e288                _malloc_r
 *fill*         0x000000000000eacc        0x4 
 .text.__utf8_mbtowc
                0x000000000000ead0      0x2c8 c:/devkitpro/devkita64/bin/../lib/gcc/aarch64-none-elf/8.1.0/../../../../aarch64-none-elf/lib/pic\libg.a(lib_a-mbtowc_r.o)
                0x000000000000ead0                __utf8_mbtowc
 .text          0x000000000000ed98       0xd8 c:/devkitpro/devkita64/bin/../lib/gcc/aarch64-none-elf/8.1.0/../../../../aarch64-none-elf/lib/pic\libg.a(lib_a-memchr.o)
                0x000000000000ed98                memchr
 *fill*         0x000000000000ee70       0x10 
 .text          0x000000000000ee80      0x16c c:/devkitpro/devkita64/bin/../lib/gcc/aarch64-none-elf/8.1.0/../../../../aarch64-none-elf/lib/pic\libg.a(lib_a-memcpy.o)
                0x000000000000ee80                memcpy
 *fill*         0x000000000000efec       0x14 
 .text          0x000000000000f000      0x1d8 c:/devkitpro/devkita64/bin/../lib/gcc/aarch64-none-elf/8.1.0/../../../../aarch64-none-elf/lib/pic\libg.a(lib_a-memset.o)
                0x000000000000f000                memset
 .text.__malloc_lock
                0x000000000000f1d8        0xc c:/devkitpro/devkita64/bin/../lib/gcc/aarch64-none-elf/8.1.0/../../../../aarch64-none-elf/lib/pic\libg.a(lib_a-mlock.o)
                0x000000000000f1d8                __malloc_lock
 *fill*         0x000000000000f1e4        0x4 
 .text.__malloc_unlock
                0x000000000000f1e8        0xc c:/devkitpro/devkita64/bin/../lib/gcc/aarch64-none-elf/8.1.0/../../../../aarch64-none-elf/lib/pic\libg.a(lib_a-mlock.o)
                0x000000000000f1e8                __malloc_unlock
 *fill*         0x000000000000f1f4        0x4 
 .text.printf   0x000000000000f1f8       0x8c c:/devkitpro/devkita64/bin/../lib/gcc/aarch64-none-elf/8.1.0/../../../../aarch64-none-elf/lib/pic\libg.a(lib_a-printf.o)
                0x000000000000f1f8                printf
 *fill*         0x000000000000f284        0x4 
 .text.setvbuf  0x000000000000f288      0x25c c:/devkitpro/devkita64/bin/../lib/gcc/aarch64-none-elf/8.1.0/../../../../aarch64-none-elf/lib/pic\libg.a(lib_a-setvbuf.o)
                0x000000000000f288                setvbuf
 *fill*         0x000000000000f4e4        0x4 
 .text.sscanf   0x000000000000f4e8       0xbc c:/devkitpro/devkita64/bin/../lib/gcc/aarch64-none-elf/8.1.0/../../../../aarch64-none-elf/lib/pic\libg.a(lib_a-sscanf.o)
                0x000000000000f4e8                sscanf
 *fill*         0x000000000000f5a4        0x4 
 .text.__sread  0x000000000000f5a8       0x50 c:/devkitpro/devkita64/bin/../lib/gcc/aarch64-none-elf/8.1.0/../../../../aarch64-none-elf/lib/pic\libg.a(lib_a-stdio.o)
                0x000000000000f5a8                __sread
 .text.__seofread
                0x000000000000f5f8        0x8 c:/devkitpro/devkita64/bin/../lib/gcc/aarch64-none-elf/8.1.0/../../../../aarch64-none-elf/lib/pic\libg.a(lib_a-stdio.o)
                0x000000000000f5f8                __seofread
 .text.__swrite
                0x000000000000f600       0x6c c:/devkitpro/devkita64/bin/../lib/gcc/aarch64-none-elf/8.1.0/../../../../aarch64-none-elf/lib/pic\libg.a(lib_a-stdio.o)
                0x000000000000f600                __swrite
 *fill*         0x000000000000f66c        0x4 
 .text.__sseek  0x000000000000f670       0x50 c:/devkitpro/devkita64/bin/../lib/gcc/aarch64-none-elf/8.1.0/../../../../aarch64-none-elf/lib/pic\libg.a(lib_a-stdio.o)
                0x000000000000f670                __sseek
 .text.__sclose
                0x000000000000f6c0        0x8 c:/devkitpro/devkita64/bin/../lib/gcc/aarch64-none-elf/8.1.0/../../../../aarch64-none-elf/lib/pic\libg.a(lib_a-stdio.o)
                0x000000000000f6c0                __sclose
 .text          0x000000000000f6c8       0xdc c:/devkitpro/devkita64/bin/../lib/gcc/aarch64-none-elf/8.1.0/../../../../aarch64-none-elf/lib/pic\libg.a(lib_a-strchr.o)
                0x000000000000f6c8                strchr
 *fill*         0x000000000000f7a4       0x1c 
 .text          0x000000000000f7c0       0xa4 c:/devkitpro/devkita64/bin/../lib/gcc/aarch64-none-elf/8.1.0/../../../../aarch64-none-elf/lib/pic\libg.a(lib_a-strcmp.o)
                0x000000000000f7c0                strcmp
 *fill*         0x000000000000f864       0x1c 
 .text          0x000000000000f880      0x140 c:/devkitpro/devkita64/bin/../lib/gcc/aarch64-none-elf/8.1.0/../../../../aarch64-none-elf/lib/pic\libg.a(lib_a-strlen.o)
                0x000000000000f880                strlen
 .text.strncat  0x000000000000f9c0       0x84 c:/devkitpro/devkita64/bin/../lib/gcc/aarch64-none-elf/8.1.0/../../../../aarch64-none-elf/lib/pic\libg.a(lib_a-strncat.o)
                0x000000000000f9c0                strncat
 *fill*         0x000000000000fa44       0x3c 
 .text          0x000000000000fa80      0x124 c:/devkitpro/devkita64/bin/../lib/gcc/aarch64-none-elf/8.1.0/../../../../aarch64-none-elf/lib/pic\libg.a(lib_a-strncmp.o)
                0x000000000000fa9c                strncmp
 *fill*         0x000000000000fba4        0x4 
 .text.strncpy  0x000000000000fba8       0xa8 c:/devkitpro/devkita64/bin/../lib/gcc/aarch64-none-elf/8.1.0/../../../../aarch64-none-elf/lib/pic\libg.a(lib_a-strncpy.o)
                0x000000000000fba8                strncpy
 *fill*         0x000000000000fc50       0x30 
 .text          0x000000000000fc80       0xe0 c:/devkitpro/devkita64/bin/../lib/gcc/aarch64-none-elf/8.1.0/../../../../aarch64-none-elf/lib/pic\libg.a(lib_a-strnlen.o)
                0x000000000000fca4                strnlen
 .text._strtol_l.isra.0
                0x000000000000fd60      0x1d0 c:/devkitpro/devkita64/bin/../lib/gcc/aarch64-none-elf/8.1.0/../../../../aarch64-none-elf/lib/pic\libg.a(lib_a-strtol.o)
 .text._strtol_r
                0x000000000000ff30       0x48 c:/devkitpro/devkita64/bin/../lib/gcc/aarch64-none-elf/8.1.0/../../../../aarch64-none-elf/lib/pic\libg.a(lib_a-strtol.o)
                0x000000000000ff30                _strtol_r
 .text._strtoul_l.isra.0
                0x000000000000ff78      0x1e0 c:/devkitpro/devkita64/bin/../lib/gcc/aarch64-none-elf/8.1.0/../../../../aarch64-none-elf/lib/pic\libg.a(lib_a-strtoul.o)
 .text._strtoul_r
                0x0000000000010158       0x48 c:/devkitpro/devkita64/bin/../lib/gcc/aarch64-none-elf/8.1.0/../../../../aarch64-none-elf/lib/pic\libg.a(lib_a-strtoul.o)
                0x0000000000010158                _strtoul_r
 .text.strtoul  0x00000000000101a0       0x5c c:/devkitpro/devkita64/bin/../lib/gcc/aarch64-none-elf/8.1.0/../../../../aarch64-none-elf/lib/pic\libg.a(lib_a-strtoul.o)
                0x00000000000101a0                strtoul
 .text.get_arg  0x00000000000101fc       0x5c c:/devkitpro/devkita64/bin/../lib/gcc/aarch64-none-elf/8.1.0/../../../../aarch64-none-elf/lib/pic\libg.a(lib_a-svfscanf.o)
 .text.__ssvfscanf_r
                0x0000000000010258     0x2f48 c:/devkitpro/devkita64/bin/../lib/gcc/aarch64-none-elf/8.1.0/../../../../aarch64-none-elf/lib/pic\libg.a(lib_a-svfscanf.o)
                0x0000000000010258                __ssvfscanf_r
 .text.__sprint_r
                0x00000000000131a0       0x3c c:/devkitpro/devkita64/bin/../lib/gcc/aarch64-none-elf/8.1.0/../../../../aarch64-none-elf/lib/pic\libg.a(lib_a-vfiprintf.o)
                0x00000000000131a0                __sprint_r
 .text.get_arg  0x00000000000131dc      0x76c c:/devkitpro/devkita64/bin/../lib/gcc/aarch64-none-elf/8.1.0/../../../../aarch64-none-elf/lib/pic\libg.a(lib_a-vfprintf.o)
 .text._vfprintf_r
                0x0000000000013948     0x3bfc c:/devkitpro/devkita64/bin/../lib/gcc/aarch64-none-elf/8.1.0/../../../../aarch64-none-elf/lib/pic\libg.a(lib_a-vfprintf.o)
                0x0000000000013948                _vfprintf_r
 .text.__sbprintf
                0x0000000000017544       0xec c:/devkitpro/devkita64/bin/../lib/gcc/aarch64-none-elf/8.1.0/../../../../aarch64-none-elf/lib/pic\libg.a(lib_a-vfprintf.o)
 .text._wcrtomb_r
                0x0000000000017630       0xd0 c:/devkitpro/devkita64/bin/../lib/gcc/aarch64-none-elf/8.1.0/../../../../aarch64-none-elf/lib/pic\libg.a(lib_a-wcrtomb.o)
                0x0000000000017630                _wcrtomb_r
 .text._wcsrtombs_r
                0x0000000000017700       0x10 c:/devkitpro/devkita64/bin/../lib/gcc/aarch64-none-elf/8.1.0/../../../../aarch64-none-elf/lib/pic\libg.a(lib_a-wcsrtombs.o)
                0x0000000000017700                _wcsrtombs_r
 .text.__utf8_wctomb
                0x0000000000017710       0xe4 c:/devkitpro/devkita64/bin/../lib/gcc/aarch64-none-elf/8.1.0/../../../../aarch64-none-elf/lib/pic\libg.a(lib_a-wctomb_r.o)
                0x0000000000017710                __utf8_wctomb
 *fill*         0x00000000000177f4        0x4 
 .text.__swsetup_r
                0x00000000000177f8      0x140 c:/devkitpro/devkita64/bin/../lib/gcc/aarch64-none-elf/8.1.0/../../../../aarch64-none-elf/lib/pic\libg.a(lib_a-wsetup.o)
                0x00000000000177f8                __swsetup_r
 .text.quorem   0x0000000000017938      0x1a8 c:/devkitpro/devkita64/bin/../lib/gcc/aarch64-none-elf/8.1.0/../../../../aarch64-none-elf/lib/pic\libg.a(lib_a-dtoa.o)
 .text._dtoa_r  0x0000000000017ae0     0x10dc c:/devkitpro/devkita64/bin/../lib/gcc/aarch64-none-elf/8.1.0/../../../../aarch64-none-elf/lib/pic\libg.a(lib_a-dtoa.o)
                0x0000000000017ae0                _dtoa_r
 *fill*         0x0000000000018bbc        0x4 
 .text.__sflush_r
                0x0000000000018bc0      0x214 c:/devkitpro/devkita64/bin/../lib/gcc/aarch64-none-elf/8.1.0/../../../../aarch64-none-elf/lib/pic\libg.a(lib_a-fflush.o)
                0x0000000000018bc0                __sflush_r
 *fill*         0x0000000000018dd4        0x4 
 .text._fflush_r
                0x0000000000018dd8       0xb8 c:/devkitpro/devkita64/bin/../lib/gcc/aarch64-none-elf/8.1.0/../../../../aarch64-none-elf/lib/pic\libg.a(lib_a-fflush.o)
                0x0000000000018dd8                _fflush_r
 .text.std      0x0000000000018e90       0x78 c:/devkitpro/devkita64/bin/../lib/gcc/aarch64-none-elf/8.1.0/../../../../aarch64-none-elf/lib/pic\libg.a(lib_a-findfp.o)
 .text._cleanup_r
                0x0000000000018f08        0xc c:/devkitpro/devkita64/bin/../lib/gcc/aarch64-none-elf/8.1.0/../../../../aarch64-none-elf/lib/pic\libg.a(lib_a-findfp.o)
                0x0000000000018f08                _cleanup_r
 *fill*         0x0000000000018f14        0x4 
 .text.__sfp_lock_acquire
                0x0000000000018f18        0xc c:/devkitpro/devkita64/bin/../lib/gcc/aarch64-none-elf/8.1.0/../../../../aarch64-none-elf/lib/pic\libg.a(lib_a-findfp.o)
                0x0000000000018f18                __sfp_lock_acquire
 *fill*         0x0000000000018f24        0x4 
 .text.__sfp_lock_release
                0x0000000000018f28        0xc c:/devkitpro/devkita64/bin/../lib/gcc/aarch64-none-elf/8.1.0/../../../../aarch64-none-elf/lib/pic\libg.a(lib_a-findfp.o)
                0x0000000000018f28                __sfp_lock_release
 *fill*         0x0000000000018f34        0x4 
 .text.__sinit_lock_acquire
                0x0000000000018f38        0xc c:/devkitpro/devkita64/bin/../lib/gcc/aarch64-none-elf/8.1.0/../../../../aarch64-none-elf/lib/pic\libg.a(lib_a-findfp.o)
                0x0000000000018f38                __sinit_lock_acquire
 *fill*         0x0000000000018f44        0x4 
 .text.__sinit_lock_release
                0x0000000000018f48        0xc c:/devkitpro/devkita64/bin/../lib/gcc/aarch64-none-elf/8.1.0/../../../../aarch64-none-elf/lib/pic\libg.a(lib_a-findfp.o)
                0x0000000000018f48                __sinit_lock_release
 *fill*         0x0000000000018f54        0x4 
 .text.__sinit  0x0000000000018f58       0x80 c:/devkitpro/devkita64/bin/../lib/gcc/aarch64-none-elf/8.1.0/../../../../aarch64-none-elf/lib/pic\libg.a(lib_a-findfp.o)
                0x0000000000018f58                __sinit
 .text._malloc_trim_r
                0x0000000000018fd8      0x118 c:/devkitpro/devkita64/bin/../lib/gcc/aarch64-none-elf/8.1.0/../../../../aarch64-none-elf/lib/pic\libg.a(lib_a-freer.o)
                0x0000000000018fd8                _malloc_trim_r
 .text._free_r  0x00000000000190f0      0x2f4 c:/devkitpro/devkita64/bin/../lib/gcc/aarch64-none-elf/8.1.0/../../../../aarch64-none-elf/lib/pic\libg.a(lib_a-freer.o)
                0x00000000000190f0                _free_r
 *fill*         0x00000000000193e4        0x4 
 .text.__sfvwrite_r
                0x00000000000193e8      0x4b8 c:/devkitpro/devkita64/bin/../lib/gcc/aarch64-none-elf/8.1.0/../../../../aarch64-none-elf/lib/pic\libg.a(lib_a-fvwrite.o)
                0x00000000000193e8                __sfvwrite_r
 .text._fwalk_reent
                0x00000000000198a0       0xbc c:/devkitpro/devkita64/bin/../lib/gcc/aarch64-none-elf/8.1.0/../../../../aarch64-none-elf/lib/pic\libg.a(lib_a-fwalk.o)
                0x00000000000198a0                _fwalk_reent
 *fill*         0x000000000001995c        0x4 
 .text.iswspace
                0x0000000000019960       0x84 c:/devkitpro/devkita64/bin/../lib/gcc/aarch64-none-elf/8.1.0/../../../../aarch64-none-elf/lib/pic\libg.a(lib_a-iswspace.o)
                0x0000000000019960                iswspace
 *fill*         0x00000000000199e4        0x4 
 .text.__jp2uc  0x00000000000199e8      0x244 c:/devkitpro/devkita64/bin/../lib/gcc/aarch64-none-elf/8.1.0/../../../../aarch64-none-elf/lib/pic\libg.a(lib_a-jp2uc.o)
 *fill*         0x0000000000019c2c        0x4 
 .text._jp2uc   0x0000000000019c30       0xd0 c:/devkitpro/devkita64/bin/../lib/gcc/aarch64-none-elf/8.1.0/../../../../aarch64-none-elf/lib/pic\libg.a(lib_a-jp2uc.o)
                0x0000000000019c30                _jp2uc
 .text.__localeconv_l
                0x0000000000019d00        0x8 c:/devkitpro/devkita64/bin/../lib/gcc/aarch64-none-elf/8.1.0/../../../../aarch64-none-elf/lib/pic\libg.a(lib_a-localeconv.o)
                0x0000000000019d00                __localeconv_l
 .text._localeconv_r
                0x0000000000019d08       0x28 c:/devkitpro/devkita64/bin/../lib/gcc/aarch64-none-elf/8.1.0/../../../../aarch64-none-elf/lib/pic\libg.a(lib_a-localeconv.o)
                0x0000000000019d08                _localeconv_r
 .text.__swhatbuf_r
                0x0000000000019d30       0xa4 c:/devkitpro/devkita64/bin/../lib/gcc/aarch64-none-elf/8.1.0/../../../../aarch64-none-elf/lib/pic\libg.a(lib_a-makebuf.o)
                0x0000000000019d30                __swhatbuf_r
 *fill*         0x0000000000019dd4        0x4 
 .text.__smakebuf_r
                0x0000000000019dd8      0x10c c:/devkitpro/devkita64/bin/../lib/gcc/aarch64-none-elf/8.1.0/../../../../aarch64-none-elf/lib/pic\libg.a(lib_a-makebuf.o)
                0x0000000000019dd8                __smakebuf_r
 *fill*         0x0000000000019ee4        0x4 
 .text._mbrtowc_r
                0x0000000000019ee8       0xd8 c:/devkitpro/devkita64/bin/../lib/gcc/aarch64-none-elf/8.1.0/../../../../aarch64-none-elf/lib/pic\libg.a(lib_a-mbrtowc.o)
                0x0000000000019ee8                _mbrtowc_r
 .text          0x0000000000019fc0       0xac c:/devkitpro/devkita64/bin/../lib/gcc/aarch64-none-elf/8.1.0/../../../../aarch64-none-elf/lib/pic\libg.a(lib_a-memmove.o)
                0x0000000000019fc0                memmove
 *fill*         0x000000000001a06c        0x4 
 .text._Balloc  0x000000000001a070       0x90 c:/devkitpro/devkita64/bin/../lib/gcc/aarch64-none-elf/8.1.0/../../../../aarch64-none-elf/lib/pic\libg.a(lib_a-mprec.o)
                0x000000000001a070                _Balloc
 .text._Bfree   0x000000000001a100       0x1c c:/devkitpro/devkita64/bin/../lib/gcc/aarch64-none-elf/8.1.0/../../../../aarch64-none-elf/lib/pic\libg.a(lib_a-mprec.o)
                0x000000000001a100                _Bfree
 *fill*         0x000000000001a11c        0x4 
 .text.__multadd
                0x000000000001a120       0xe8 c:/devkitpro/devkita64/bin/../lib/gcc/aarch64-none-elf/8.1.0/../../../../aarch64-none-elf/lib/pic\libg.a(lib_a-mprec.o)
                0x000000000001a120                __multadd
 .text.__s2b    0x000000000001a208      0x120 c:/devkitpro/devkita64/bin/../lib/gcc/aarch64-none-elf/8.1.0/../../../../aarch64-none-elf/lib/pic\libg.a(lib_a-mprec.o)
                0x000000000001a208                __s2b
 .text.__hi0bits
                0x000000000001a328       0x5c c:/devkitpro/devkita64/bin/../lib/gcc/aarch64-none-elf/8.1.0/../../../../aarch64-none-elf/lib/pic\libg.a(lib_a-mprec.o)
                0x000000000001a328                __hi0bits
 *fill*         0x000000000001a384        0x4 
 .text.__lo0bits
                0x000000000001a388       0xa0 c:/devkitpro/devkita64/bin/../lib/gcc/aarch64-none-elf/8.1.0/../../../../aarch64-none-elf/lib/pic\libg.a(lib_a-mprec.o)
                0x000000000001a388                __lo0bits
 .text.__i2b    0x000000000001a428       0x2c c:/devkitpro/devkita64/bin/../lib/gcc/aarch64-none-elf/8.1.0/../../../../aarch64-none-elf/lib/pic\libg.a(lib_a-mprec.o)
                0x000000000001a428                __i2b
 *fill*         0x000000000001a454        0x4 
 .text.__multiply
                0x000000000001a458      0x1c8 c:/devkitpro/devkita64/bin/../lib/gcc/aarch64-none-elf/8.1.0/../../../../aarch64-none-elf/lib/pic\libg.a(lib_a-mprec.o)
                0x000000000001a458                __multiply
 .text.__pow5mult
                0x000000000001a620      0x104 c:/devkitpro/devkita64/bin/../lib/gcc/aarch64-none-elf/8.1.0/../../../../aarch64-none-elf/lib/pic\libg.a(lib_a-mprec.o)
                0x000000000001a620                __pow5mult
 *fill*         0x000000000001a724        0x4 
 .text.__lshift
                0x000000000001a728      0x134 c:/devkitpro/devkita64/bin/../lib/gcc/aarch64-none-elf/8.1.0/../../../../aarch64-none-elf/lib/pic\libg.a(lib_a-mprec.o)
                0x000000000001a728                __lshift
 *fill*         0x000000000001a85c        0x4 
 .text.__mcmp   0x000000000001a860       0x50 c:/devkitpro/devkita64/bin/../lib/gcc/aarch64-none-elf/8.1.0/../../../../aarch64-none-elf/lib/pic\libg.a(lib_a-mprec.o)
                0x000000000001a860                __mcmp
 .text.__mdiff  0x000000000001a8b0      0x14c c:/devkitpro/devkita64/bin/../lib/gcc/aarch64-none-elf/8.1.0/../../../../aarch64-none-elf/lib/pic\libg.a(lib_a-mprec.o)
                0x000000000001a8b0                __mdiff
 *fill*         0x000000000001a9fc        0x4 
 .text.__ulp    0x000000000001aa00       0x68 c:/devkitpro/devkita64/bin/../lib/gcc/aarch64-none-elf/8.1.0/../../../../aarch64-none-elf/lib/pic\libg.a(lib_a-mprec.o)
                0x000000000001aa00                __ulp
 .text.__b2d    0x000000000001aa68      0x150 c:/devkitpro/devkita64/bin/../lib/gcc/aarch64-none-elf/8.1.0/../../../../aarch64-none-elf/lib/pic\libg.a(lib_a-mprec.o)
                0x000000000001aa68                __b2d
 .text.__d2b    0x000000000001abb8      0x138 c:/devkitpro/devkita64/bin/../lib/gcc/aarch64-none-elf/8.1.0/../../../../aarch64-none-elf/lib/pic\libg.a(lib_a-mprec.o)
                0x000000000001abb8                __d2b
 .text.__ratio  0x000000000001acf0       0xa0 c:/devkitpro/devkita64/bin/../lib/gcc/aarch64-none-elf/8.1.0/../../../../aarch64-none-elf/lib/pic\libg.a(lib_a-mprec.o)
                0x000000000001acf0                __ratio
 .text.__copybits
                0x000000000001ad90       0x68 c:/devkitpro/devkita64/bin/../lib/gcc/aarch64-none-elf/8.1.0/../../../../aarch64-none-elf/lib/pic\libg.a(lib_a-mprec.o)
                0x000000000001ad90                __copybits
 .text.__any_on
                0x000000000001adf8       0x84 c:/devkitpro/devkita64/bin/../lib/gcc/aarch64-none-elf/8.1.0/../../../../aarch64-none-elf/lib/pic\libg.a(lib_a-mprec.o)
                0x000000000001adf8                __any_on
 *fill*         0x000000000001ae7c        0x4 
 .text.realloc  0x000000000001ae80       0x30 c:/devkitpro/devkita64/bin/../lib/gcc/aarch64-none-elf/8.1.0/../../../../aarch64-none-elf/lib/pic\libg.a(lib_a-realloc.o)
                0x000000000001ae80                realloc
 .text._realloc_r
                0x000000000001aeb0      0x56c c:/devkitpro/devkita64/bin/../lib/gcc/aarch64-none-elf/8.1.0/../../../../aarch64-none-elf/lib/pic\libg.a(lib_a-reallocr.o)
                0x000000000001aeb0                _realloc_r
 *fill*         0x000000000001b41c        0x4 
 .text.__sccl   0x000000000001b420       0xbc c:/devkitpro/devkita64/bin/../lib/gcc/aarch64-none-elf/8.1.0/../../../../aarch64-none-elf/lib/pic\libg.a(lib_a-sccl.o)
                0x000000000001b420                __sccl
 *fill*         0x000000000001b4dc        0x4 
 .text.nanf     0x000000000001b4e0        0xc c:/devkitpro/devkita64/bin/../lib/gcc/aarch64-none-elf/8.1.0/../../../../aarch64-none-elf/lib/pic\libg.a(lib_a-sf_nan.o)
                0x000000000001b4e0                nanf
 *fill*         0x000000000001b4ec        0x4 
 .text.frexp    0x000000000001b4f0       0x7c c:/devkitpro/devkita64/bin/../lib/gcc/aarch64-none-elf/8.1.0/../../../../aarch64-none-elf/lib/pic\libg.a(lib_a-s_frexp.o)
                0x000000000001b4f0                frexp
 *fill*         0x000000000001b56c        0x4 
 .text.sprintf  0x000000000001b570       0xa8 c:/devkitpro/devkita64/bin/../lib/gcc/aarch64-none-elf/8.1.0/../../../../aarch64-none-elf/lib/pic\libg.a(lib_a-sprintf.o)
                0x000000000001b570                sprintf
 .text.stpncpy  0x000000000001b618       0xc8 c:/devkitpro/devkita64/bin/../lib/gcc/aarch64-none-elf/8.1.0/../../../../aarch64-none-elf/lib/pic\libg.a(lib_a-stpncpy.o)
                0x000000000001b618                stpncpy
 .text.sulp     0x000000000001b6e0       0x54 c:/devkitpro/devkita64/bin/../lib/gcc/aarch64-none-elf/8.1.0/../../../../aarch64-none-elf/lib/pic\libg.a(lib_a-strtod.o)
 *fill*         0x000000000001b734        0x4 
 .text._strtod_l
                0x000000000001b738     0x10f0 c:/devkitpro/devkita64/bin/../lib/gcc/aarch64-none-elf/8.1.0/../../../../aarch64-none-elf/lib/pic\libg.a(lib_a-strtod.o)
                0x000000000001b738                _strtod_l
 .text._strtod_r
                0x000000000001c828       0x40 c:/devkitpro/devkita64/bin/../lib/gcc/aarch64-none-elf/8.1.0/../../../../aarch64-none-elf/lib/pic\libg.a(lib_a-strtod.o)
                0x000000000001c828                _strtod_r
 .text._strtoll_l.isra.0
                0x000000000001c868      0x1d0 c:/devkitpro/devkita64/bin/../lib/gcc/aarch64-none-elf/8.1.0/../../../../aarch64-none-elf/lib/pic\libg.a(lib_a-strtoll.o)
 .text._strtoll_r
                0x000000000001ca38       0x48 c:/devkitpro/devkita64/bin/../lib/gcc/aarch64-none-elf/8.1.0/../../../../aarch64-none-elf/lib/pic\libg.a(lib_a-strtoll.o)
                0x000000000001ca38                _strtoll_r
 .text._strtoull_l.isra.0
                0x000000000001ca80      0x1e0 c:/devkitpro/devkita64/bin/../lib/gcc/aarch64-none-elf/8.1.0/../../../../aarch64-none-elf/lib/pic\libg.a(lib_a-strtoull.o)
 .text._strtoull_r
                0x000000000001cc60       0x48 c:/devkitpro/devkita64/bin/../lib/gcc/aarch64-none-elf/8.1.0/../../../../aarch64-none-elf/lib/pic\libg.a(lib_a-strtoull.o)
                0x000000000001cc60                _strtoull_r
 .text.__ssprint_r
                0x000000000001cca8      0x1c0 c:/devkitpro/devkita64/bin/../lib/gcc/aarch64-none-elf/8.1.0/../../../../aarch64-none-elf/lib/pic\libg.a(lib_a-svfiprintf.o)
                0x000000000001cca8                __ssprint_r
 .text._sungetc_r
                0x000000000001ce68       0xf4 c:/devkitpro/devkita64/bin/../lib/gcc/aarch64-none-elf/8.1.0/../../../../aarch64-none-elf/lib/pic\libg.a(lib_a-svfiscanf.o)
                0x000000000001ce68                _sungetc_r
 .text.__ssrefill_r
                0x000000000001cf5c       0x70 c:/devkitpro/devkita64/bin/../lib/gcc/aarch64-none-elf/8.1.0/../../../../aarch64-none-elf/lib/pic\libg.a(lib_a-svfiscanf.o)
                0x000000000001cf5c                __ssrefill_r
 .text._sfread_r
                0x000000000001cfcc       0xe0 c:/devkitpro/devkita64/bin/../lib/gcc/aarch64-none-elf/8.1.0/../../../../aarch64-none-elf/lib/pic\libg.a(lib_a-svfiscanf.o)
                0x000000000001cfcc                _sfread_r
 .text.get_arg  0x000000000001d0ac      0x76c c:/devkitpro/devkita64/bin/../lib/gcc/aarch64-none-elf/8.1.0/../../../../aarch64-none-elf/lib/pic\libg.a(lib_a-svfprintf.o)
 .text._svfprintf_r
                0x000000000001d818     0x3b44 c:/devkitpro/devkita64/bin/../lib/gcc/aarch64-none-elf/8.1.0/../../../../aarch64-none-elf/lib/pic\libg.a(lib_a-svfprintf.o)
                0x000000000001d818                _svfprintf_r
 *fill*         0x000000000002135c        0x4 
 .text.__submore
                0x0000000000021360       0xc8 c:/devkitpro/devkita64/bin/../lib/gcc/aarch64-none-elf/8.1.0/../../../../aarch64-none-elf/lib/pic\libg.a(lib_a-ungetc.o)
                0x0000000000021360                __submore
 .text._wcsnrtombs_l
                0x0000000000021428      0x1dc c:/devkitpro/devkita64/bin/../lib/gcc/aarch64-none-elf/8.1.0/../../../../aarch64-none-elf/lib/pic\libg.a(lib_a-wcsnrtombs.o)
                0x0000000000021428                _wcsnrtombs_l
 *fill*         0x0000000000021604        0x4 
 .text._wcsnrtombs_r
                0x0000000000021608       0x54 c:/devkitpro/devkita64/bin/../lib/gcc/aarch64-none-elf/8.1.0/../../../../aarch64-none-elf/lib/pic\libg.a(lib_a-wcsnrtombs.o)
                0x0000000000021608                _wcsnrtombs_r
 *fill*         0x000000000002165c        0x4 
 .text._calloc_r
                0x0000000000021660       0x94 c:/devkitpro/devkita64/bin/../lib/gcc/aarch64-none-elf/8.1.0/../../../../aarch64-none-elf/lib/pic\libg.a(lib_a-callocr.o)
                0x0000000000021660                _calloc_r
 *fill*         0x00000000000216f4        0x4 
 .text._fclose_r
                0x00000000000216f8      0x15c c:/devkitpro/devkita64/bin/../lib/gcc/aarch64-none-elf/8.1.0/../../../../aarch64-none-elf/lib/pic\libg.a(lib_a-fclose.o)
                0x00000000000216f8                _fclose_r
 *fill*         0x0000000000021854        0x4 
 .text.rshift   0x0000000000021858      0x114 c:/devkitpro/devkita64/bin/../lib/gcc/aarch64-none-elf/8.1.0/../../../../aarch64-none-elf/lib/pic\libg.a(lib_a-gdtoa-gethex.o)
 *fill*         0x000000000002196c        0x4 
 .text.__gethex
                0x0000000000021970      0x7e8 c:/devkitpro/devkita64/bin/../lib/gcc/aarch64-none-elf/8.1.0/../../../../aarch64-none-elf/lib/pic\libg.a(lib_a-gdtoa-gethex.o)
                0x0000000000021970                __gethex
 .text.__match  0x0000000000022158       0x48 c:/devkitpro/devkita64/bin/../lib/gcc/aarch64-none-elf/8.1.0/../../../../aarch64-none-elf/lib/pic\libg.a(lib_a-gdtoa-hexnan.o)
                0x0000000000022158                __match
 .text.__hexnan
                0x00000000000221a0      0x22c c:/devkitpro/devkita64/bin/../lib/gcc/aarch64-none-elf/8.1.0/../../../../aarch64-none-elf/lib/pic\libg.a(lib_a-gdtoa-hexnan.o)
                0x00000000000221a0                __hexnan
 *fill*         0x00000000000223cc        0x4 
 .text.null_write
                0x00000000000223d0        0x8 c:/devkitpro/devkita64/bin/../lib/gcc/aarch64-none-elf/8.1.0/../../../../aarch64-none-elf/lib/pic\libsysbase.a(iosupport.o)
 .text.setDefaultDevice
                0x00000000000223d8       0x18 c:/devkitpro/devkita64/bin/../lib/gcc/aarch64-none-elf/8.1.0/../../../../aarch64-none-elf/lib/pic\libsysbase.a(iosupport.o)
                0x00000000000223d8                setDefaultDevice
 .text.FindDevice
                0x00000000000223f0       0xf8 c:/devkitpro/devkita64/bin/../lib/gcc/aarch64-none-elf/8.1.0/../../../../aarch64-none-elf/lib/pic\libsysbase.a(iosupport.o)
                0x00000000000223f0                FindDevice
 .text.RemoveDevice
                0x00000000000224e8       0x34 c:/devkitpro/devkita64/bin/../lib/gcc/aarch64-none-elf/8.1.0/../../../../aarch64-none-elf/lib/pic\libsysbase.a(iosupport.o)
                0x00000000000224e8                RemoveDevice
 *fill*         0x000000000002251c        0x4 
 .text.AddDevice
                0x0000000000022520       0xd8 c:/devkitpro/devkita64/bin/../lib/gcc/aarch64-none-elf/8.1.0/../../../../aarch64-none-elf/lib/pic\libsysbase.a(iosupport.o)
                0x0000000000022520                AddDevice
 .text._close_r
                0x00000000000225f8       0xa8 c:/devkitpro/devkita64/bin/../lib/gcc/aarch64-none-elf/8.1.0/../../../../aarch64-none-elf/lib/pic\libsysbase.a(close.o)
                0x00000000000225f8                _close_r
 .text._fstat_r
                0x00000000000226a0       0x80 c:/devkitpro/devkita64/bin/../lib/gcc/aarch64-none-elf/8.1.0/../../../../aarch64-none-elf/lib/pic\libsysbase.a(fstat.o)
                0x00000000000226a0                _fstat_r
 .text._isatty_r
                0x0000000000022720        0x8 c:/devkitpro/devkita64/bin/../lib/gcc/aarch64-none-elf/8.1.0/../../../../aarch64-none-elf/lib/pic\libsysbase.a(isatty.o)
                0x0000000000022720                _isatty_r
 .text._lseek_r
                0x0000000000022728       0x94 c:/devkitpro/devkita64/bin/../lib/gcc/aarch64-none-elf/8.1.0/../../../../aarch64-none-elf/lib/pic\libsysbase.a(lseek.o)
                0x0000000000022728                _lseek_r
 *fill*         0x00000000000227bc        0x4 
 .text._read_r  0x00000000000227c0       0xa4 c:/devkitpro/devkita64/bin/../lib/gcc/aarch64-none-elf/8.1.0/../../../../aarch64-none-elf/lib/pic\libsysbase.a(read.o)
                0x00000000000227c0                _read_r
 *fill*         0x0000000000022864        0x4 
 .text._sbrk_r  0x0000000000022868       0x78 c:/devkitpro/devkita64/bin/../lib/gcc/aarch64-none-elf/8.1.0/../../../../aarch64-none-elf/lib/pic\libsysbase.a(sbrk.o)
                0x0000000000022868                _sbrk_r
 .text._write_r
                0x00000000000228e0       0xa4 c:/devkitpro/devkita64/bin/../lib/gcc/aarch64-none-elf/8.1.0/../../../../aarch64-none-elf/lib/pic\libsysbase.a(write.o)
                0x00000000000228e0                _write_r
 *fill*         0x0000000000022984        0x4 
 .text._concatenate_path
                0x0000000000022988      0x224 c:/devkitpro/devkita64/bin/../lib/gcc/aarch64-none-elf/8.1.0/../../../../aarch64-none-elf/lib/pic\libsysbase.a(chdir.o)
                0x0000000000022988                _concatenate_path
 *fill*         0x0000000000022bac        0x4 
 .text.chdir    0x0000000000022bb0      0x178 c:/devkitpro/devkita64/bin/../lib/gcc/aarch64-none-elf/8.1.0/../../../../aarch64-none-elf/lib/pic\libsysbase.a(chdir.o)
                0x0000000000022bb0                chdir
 .text.__libc_lock_acquire
                0x0000000000022d28       0x18 c:/devkitpro/devkita64/bin/../lib/gcc/aarch64-none-elf/8.1.0/../../../../aarch64-none-elf/lib/pic\libsysbase.a(syscall_support.o)
                0x0000000000022d28                __libc_lock_acquire
 .text.__libc_lock_release
                0x0000000000022d40       0x18 c:/devkitpro/devkita64/bin/../lib/gcc/aarch64-none-elf/8.1.0/../../../../aarch64-none-elf/lib/pic\libsysbase.a(syscall_support.o)
                0x0000000000022d40                __libc_lock_release
 .text.__libc_lock_init_recursive
                0x0000000000022d58       0x18 c:/devkitpro/devkita64/bin/../lib/gcc/aarch64-none-elf/8.1.0/../../../../aarch64-none-elf/lib/pic\libsysbase.a(syscall_support.o)
                0x0000000000022d58                __libc_lock_init_recursive
 .text.__libc_lock_acquire_recursive
                0x0000000000022d70       0x18 c:/devkitpro/devkita64/bin/../lib/gcc/aarch64-none-elf/8.1.0/../../../../aarch64-none-elf/lib/pic\libsysbase.a(syscall_support.o)
                0x0000000000022d70                __libc_lock_acquire_recursive
 .text.__libc_lock_release_recursive
                0x0000000000022d88       0x18 c:/devkitpro/devkita64/bin/../lib/gcc/aarch64-none-elf/8.1.0/../../../../aarch64-none-elf/lib/pic\libsysbase.a(syscall_support.o)
                0x0000000000022d88                __libc_lock_release_recursive
 .text.__libc_lock_close_recursive
                0x0000000000022da0       0x18 c:/devkitpro/devkita64/bin/../lib/gcc/aarch64-none-elf/8.1.0/../../../../aarch64-none-elf/lib/pic\libsysbase.a(syscall_support.o)
                0x0000000000022da0                __libc_lock_close_recursive
 .text.__free_handle
                0x0000000000022db8       0x3c c:/devkitpro/devkita64/bin/../lib/gcc/aarch64-none-elf/8.1.0/../../../../aarch64-none-elf/lib/pic\libsysbase.a(handle_manager.o)
                0x0000000000022db8                __free_handle
 *fill*         0x0000000000022df4        0x4 
 .text.__release_handle
                0x0000000000022df8       0x58 c:/devkitpro/devkita64/bin/../lib/gcc/aarch64-none-elf/8.1.0/../../../../aarch64-none-elf/lib/pic\libsysbase.a(handle_manager.o)
                0x0000000000022df8                __release_handle
 .text.__get_handle
                0x0000000000022e50       0x20 c:/devkitpro/devkita64/bin/../lib/gcc/aarch64-none-elf/8.1.0/../../../../aarch64-none-elf/lib/pic\libsysbase.a(handle_manager.o)
                0x0000000000022e50                __get_handle
 .text.__getreent
                0x0000000000022e70       0x24 c:/devkitpro/devkita64/bin/../lib/gcc/aarch64-none-elf/8.1.0/../../../../aarch64-none-elf/lib/pic\libsysbase.a(getreent.o)
                0x0000000000022e70                __getreent
 *fill*         0x0000000000022e94        0x4 
 .text.__extenddftf2
                0x0000000000022e98      0x150 c:/devkitpro/devkita64/bin/../lib/gcc/aarch64-none-elf/8.1.0/pic\libgcc.a(extenddftf2.o)
                0x0000000000022e98                __extenddftf2
 .text.__trunctfdf2
                0x0000000000022fe8      0x350 c:/devkitpro/devkita64/bin/../lib/gcc/aarch64-none-elf/8.1.0/pic\libgcc.a(trunctfdf2.o)
                0x0000000000022fe8                __trunctfdf2
 .text.__sfp_handle_exceptions
                0x0000000000023338       0x70 c:/devkitpro/devkita64/bin/../lib/gcc/aarch64-none-elf/8.1.0/pic\libgcc.a(sfp-exceptions.o)
                0x0000000000023338                __sfp_handle_exceptions
 .text          0x00000000000233a8      0x100 c:/devkitpro/devkita64/bin/../lib/gcc/aarch64-none-elf/8.1.0/../../../../aarch64-none-elf/lib/pic\libg.a(lib_a-strrchr.o)
                0x00000000000233a8                strrchr
                0x00000000000234a8                . = ALIGN (0x8)

.fini           0x00000000000234a8       0x38
 *(.fini)
 .fini          0x00000000000234a8       0x18 c:/devkitpro/devkita64/bin/../lib/gcc/aarch64-none-elf/8.1.0/pic/crti.o
                0x00000000000234a8                _fini